 WorkstationModel_sfun

 Timestamp is 544036b2 (Thu Oct 16 17:20:50 2014)

 Preferred load address is 0000000180000000

 Start         Length     Name                   Class
 0001:00000000 00061e34H .text                   CODE
 0001:00061e40 00000092H .text$x                 CODE
 0002:00000000 00000490H .idata$5                DATA
 0002:00000490 00000008H .CRT$XCA                DATA
 0002:00000498 00000008H .CRT$XCZ                DATA
 0002:000004a0 00000008H .CRT$XIA                DATA
 0002:000004a8 00000008H .CRT$XIAA               DATA
 0002:000004b0 00000008H .CRT$XIZ                DATA
 0002:000004c0 00004bbcH .rdata                  DATA
 0002:00005080 00000008H .rtc$IAA                DATA
 0002:00005088 00000008H .rtc$IZZ                DATA
 0002:00005090 00000008H .rtc$TAA                DATA
 0002:00005098 00000008H .rtc$TZZ                DATA
 0002:000050a0 000046acH .xdata                  DATA
 0002:0000974c 000000a0H .idata$2                DATA
 0002:000097ec 00000014H .idata$3                DATA
 0002:00009800 00000490H .idata$4                DATA
 0002:00009c90 00000aa0H .idata$6                DATA
 0002:0000a730 0000005bH .edata                  DATA
 0003:00000000 00008228H .data                   DATA
 0003:00008240 00002718H .bss                    DATA
 0004:00000000 00003b94H .pdata                  DATA

  Address         Publics by Value              Rva+Base               Lib:Object

 0000:00000000       ___safe_se_handler_count   0000000000000000     <absolute>
 0000:00000000       ___safe_se_handler_table   0000000000000000     <absolute>
 0000:00000000       __ImageBase                0000000180000000     <linker-defined>
 0001:00000000       sf_c1_WorkstationModel_get_eml_resolved_functions_info 0000000180001000 f   c1_WorkstationModel.obj
 0001:00000080       sf_c1_WorkstationModel_get_check_sum 0000000180001080 f   c1_WorkstationModel.obj
 0001:00000100       sf_c1_WorkstationModel_get_autoinheritance_info 0000000180001100 f   c1_WorkstationModel.obj
 0001:000007b0       sf_internal_get_sim_state_c1_WorkstationModel 00000001800017b0 f   c1_WorkstationModel.obj
 0001:00000b10       sf_internal_set_sim_state_c1_WorkstationModel 0000000180001b10 f   c1_WorkstationModel.obj
 0001:00000f00       c1_WorkstationModel_method_dispatcher 0000000180001f00 f   c1_WorkstationModel.obj
 0001:00003ea0       sf_c2_WorkstationModel_get_eml_resolved_functions_info 0000000180004ea0 f   c2_WorkstationModel.obj
 0001:000043a0       sf_c2_WorkstationModel_get_check_sum 00000001800053a0 f   c2_WorkstationModel.obj
 0001:00004420       sf_c2_WorkstationModel_get_autoinheritance_info 0000000180005420 f   c2_WorkstationModel.obj
 0001:00004990       sf_internal_get_sim_state_c2_WorkstationModel 0000000180005990 f   c2_WorkstationModel.obj
 0001:00004ce0       sf_internal_set_sim_state_c2_WorkstationModel 0000000180005ce0 f   c2_WorkstationModel.obj
 0001:000050d0       c2_WorkstationModel_method_dispatcher 00000001800060d0 f   c2_WorkstationModel.obj
 0001:00006f70       sf_c3_WorkstationModel_get_eml_resolved_functions_info 0000000180007f70 f   c3_WorkstationModel.obj
 0001:00007480       sf_c3_WorkstationModel_get_check_sum 0000000180008480 f   c3_WorkstationModel.obj
 0001:00007500       sf_c3_WorkstationModel_get_autoinheritance_info 0000000180008500 f   c3_WorkstationModel.obj
 0001:00007a70       sf_internal_get_sim_state_c3_WorkstationModel 0000000180008a70 f   c3_WorkstationModel.obj
 0001:00007dc0       sf_internal_set_sim_state_c3_WorkstationModel 0000000180008dc0 f   c3_WorkstationModel.obj
 0001:000081b0       c3_WorkstationModel_method_dispatcher 00000001800091b0 f   c3_WorkstationModel.obj
 0001:0000a070       sf_c4_WorkstationModel_get_eml_resolved_functions_info 000000018000b070 f   c4_WorkstationModel.obj
 0001:0000a0f0       sf_c4_WorkstationModel_get_check_sum 000000018000b0f0 f   c4_WorkstationModel.obj
 0001:0000a170       sf_c4_WorkstationModel_get_autoinheritance_info 000000018000b170 f   c4_WorkstationModel.obj
 0001:0000aab0       sf_internal_get_sim_state_c4_WorkstationModel 000000018000bab0 f   c4_WorkstationModel.obj
 0001:0000b260       sf_internal_set_sim_state_c4_WorkstationModel 000000018000c260 f   c4_WorkstationModel.obj
 0001:0000c330       c4_WorkstationModel_method_dispatcher 000000018000d330 f   c4_WorkstationModel.obj
 0001:00011ef0       sf_c5_WorkstationModel_get_eml_resolved_functions_info 0000000180012ef0 f   c5_WorkstationModel.obj
 0001:00011f70       sf_c5_WorkstationModel_get_check_sum 0000000180012f70 f   c5_WorkstationModel.obj
 0001:00011ff0       sf_c5_WorkstationModel_get_autoinheritance_info 0000000180012ff0 f   c5_WorkstationModel.obj
 0001:000123d0       sf_internal_get_sim_state_c5_WorkstationModel 00000001800133d0 f   c5_WorkstationModel.obj
 0001:00012be0       sf_internal_set_sim_state_c5_WorkstationModel 0000000180013be0 f   c5_WorkstationModel.obj
 0001:00013db0       c5_WorkstationModel_method_dispatcher 0000000180014db0 f   c5_WorkstationModel.obj
 0001:00019a60       sf_c8_WorkstationModel_get_eml_resolved_functions_info 000000018001aa60 f   c8_WorkstationModel.obj
 0001:00019ae0       sf_c8_WorkstationModel_get_check_sum 000000018001aae0 f   c8_WorkstationModel.obj
 0001:00019b60       sf_c8_WorkstationModel_get_autoinheritance_info 000000018001ab60 f   c8_WorkstationModel.obj
 0001:0001a0d0       sf_internal_get_sim_state_c8_WorkstationModel 000000018001b0d0 f   c8_WorkstationModel.obj
 0001:0001a420       sf_internal_set_sim_state_c8_WorkstationModel 000000018001b420 f   c8_WorkstationModel.obj
 0001:0001a810       c8_WorkstationModel_method_dispatcher 000000018001b810 f   c8_WorkstationModel.obj
 0001:0001d640       sf_c9_WorkstationModel_get_eml_resolved_functions_info 000000018001e640 f   c9_WorkstationModel.obj
 0001:0001f860       sf_c9_WorkstationModel_get_check_sum 0000000180020860 f   c9_WorkstationModel.obj
 0001:0001f8e0       sf_c9_WorkstationModel_get_autoinheritance_info 00000001800208e0 f   c9_WorkstationModel.obj
 0001:000200d0       sf_internal_get_sim_state_c9_WorkstationModel 00000001800210d0 f   c9_WorkstationModel.obj
 0001:00020430       sf_internal_set_sim_state_c9_WorkstationModel 0000000180021430 f   c9_WorkstationModel.obj
 0001:00020820       c9_WorkstationModel_method_dispatcher 0000000180021820 f   c9_WorkstationModel.obj
 0001:000278c0       sf_c10_WorkstationModel_get_eml_resolved_functions_info 00000001800288c0 f   c10_WorkstationModel.obj
 0001:00027940       sf_c10_WorkstationModel_get_check_sum 0000000180028940 f   c10_WorkstationModel.obj
 0001:000279c0       sf_c10_WorkstationModel_get_autoinheritance_info 00000001800289c0 f   c10_WorkstationModel.obj
 0001:00028300       sf_internal_get_sim_state_c10_WorkstationModel 0000000180029300 f   c10_WorkstationModel.obj
 0001:00028ad0       sf_internal_set_sim_state_c10_WorkstationModel 0000000180029ad0 f   c10_WorkstationModel.obj
 0001:00029ba0       c10_WorkstationModel_method_dispatcher 000000018002aba0 f   c10_WorkstationModel.obj
 0001:0002f760       sf_process_check_sum_call  0000000180030760 f   WorkstationModel_sfun_registry.obj
 0001:0002f7b0       sf_process_autoinheritance_call 00000001800307b0 f   WorkstationModel_sfun_registry.obj
 0001:0002f950       sf_process_get_eml_resolved_functions_info_call 0000000180030950 f   WorkstationModel_sfun_registry.obj
 0001:0002fad0       sf_mex_unlock_call         0000000180030ad0 f   WorkstationModel_sfun_registry.obj
 0001:0002fb80       sf_machine_global_initializer_called 0000000180030b80 f   WorkstationModel_sfun_registry.obj
 0001:0002fbb0       sf_machine_global_method_dispatcher 0000000180030bb0 f   WorkstationModel_sfun_registry.obj
 0001:0002fc10       sf_machine_global_terminator 0000000180030c10 f   WorkstationModel_sfun_registry.obj
 0001:0002fc50       sf_register_machine_exported_symbols 0000000180030c50 f   WorkstationModel_sfun_registry.obj
 0001:0002fc70       callCustomFcn              0000000180030c70 f   WorkstationModel_sfun_registry.obj
 0001:0002fc80       sf_machine_global_initializer 0000000180030c80 f   WorkstationModel_sfun_registry.obj
 0001:0002fcf0       _ssSetStateAbsTol          0000000180030cf0 f   WorkstationModel_sfun_registry.obj
 0001:0002fdd0       _ssGetAbsTol               0000000180030dd0 f   WorkstationModel_sfun_registry.obj
 0001:0002fe40       _ssSetInputPortMatrixDimensions 0000000180030e40 f   WorkstationModel_sfun_registry.obj
 0001:0002ff50       _ssSetOutputPortMatrixDimensions 0000000180030f50 f   WorkstationModel_sfun_registry.obj
 0001:00030060       _ssSetInputPortVectorDimension 0000000180031060 f   WorkstationModel_sfun_registry.obj
 0001:00030130       _ssSetOutputPortVectorDimension 0000000180031130 f   WorkstationModel_sfun_registry.obj
 0001:00030200       ssIsRunTimeParamTunable    0000000180031200 f   WorkstationModel_sfun_registry.obj
 0001:00030270       ssGetSFuncBlockHandle      0000000180031270 f   WorkstationModel_sfun_registry.obj
 0001:000302e0       _ssGetCurrentInputPortWidth 00000001800312e0 f   WorkstationModel_sfun_registry.obj
 0001:00030400       _ssGetCurrentOutputPortWidth 0000000180031400 f   WorkstationModel_sfun_registry.obj
 0001:00030520       _ssGetCallSystemNumFcnCallDestinations 0000000180031520 f   WorkstationModel_sfun_registry.obj
 0001:00030590       ssWarning                  0000000180031590 f   WorkstationModel_sfun_registry.obj
 0001:000306a0       ssGetIsZeroCrossControlDisabled 00000001800316a0 f   WorkstationModel_sfun_registry.obj
 0001:00030710       ssSetIsInputPortUsedForContZcSignal 0000000180031710 f   WorkstationModel_sfun_registry.obj
 0001:00030780       ssSetZcSignalIsZcElementDisc 0000000180031780 f   WorkstationModel_sfun_registry.obj
 0001:00030830       ssSetZcSignalName          0000000180031830 f   WorkstationModel_sfun_registry.obj
 0001:000308a0       ssSetZcSignalWidth         00000001800318a0 f   WorkstationModel_sfun_registry.obj
 0001:00030910       ssSetZcSignalZcEventType   0000000180031910 f   WorkstationModel_sfun_registry.obj
 0001:00030980       ssSetZcSignalType          0000000180031980 f   WorkstationModel_sfun_registry.obj
 0001:000309f0       ssSetZcSignalZcTol         00000001800319f0 f   WorkstationModel_sfun_registry.obj
 0001:00030a60       ssSetZcSignalNeedsEventNotification 0000000180031a60 f   WorkstationModel_sfun_registry.obj
 0001:00030ad0       ssCreateAndAddZcSignalInfo 0000000180031ad0 f   WorkstationModel_sfun_registry.obj
 0001:00030b40       ssCloneAndAddZcSignalInfo  0000000180031b40 f   WorkstationModel_sfun_registry.obj
 0001:00030bb0       ssGetNumZcSignals          0000000180031bb0 f   WorkstationModel_sfun_registry.obj
 0001:00030c20       ssGetZcSignalVector        0000000180031c20 f   WorkstationModel_sfun_registry.obj
 0001:00030c90       ssGetZcSignalZcEvents      0000000180031c90 f   WorkstationModel_sfun_registry.obj
 0001:00030d00       ssGetZcSignalName          0000000180031d00 f   WorkstationModel_sfun_registry.obj
 0001:00030d70       ssGetZcSignalWidth         0000000180031d70 f   WorkstationModel_sfun_registry.obj
 0001:00030de0       ssGetZcSignalZcEventType   0000000180031de0 f   WorkstationModel_sfun_registry.obj
 0001:00030e50       ssGetZcSignalType          0000000180031e50 f   WorkstationModel_sfun_registry.obj
 0001:00030ec0       ssGetZcSignalZcTol         0000000180031ec0 f   WorkstationModel_sfun_registry.obj
 0001:00030f40       ssGetZcSignalNeedsEventNotification 0000000180031f40 f   WorkstationModel_sfun_registry.obj
 0001:00030fb0       ssGetZcSignalIsZcElementDisc 0000000180031fb0 f   WorkstationModel_sfun_registry.obj
 0001:00031050       ssGetIsInputPortElementContinuous 0000000180032050 f   WorkstationModel_sfun_registry.obj
 0001:000310f0       _ssGetInputPortSignalPtrsFcn 00000001800320f0 f   WorkstationModel_sfun_registry.obj
 0001:000313b0       _ssGetInputPortSignalFcn   00000001800323b0 f   WorkstationModel_sfun_registry.obj
 0001:000315d0       _ssSetInputPortDirectFeedThroughFcn 00000001800325d0 f   WorkstationModel_sfun_registry.obj
 0001:00031730       _ssSetInputPortReusableFcn 0000000180032730 f   WorkstationModel_sfun_registry.obj
 0001:00031820       _ssSetOutputPortReusableFcn 0000000180032820 f   WorkstationModel_sfun_registry.obj
 0001:00031900       ssGetDTypeIdFromMxArray    0000000180032900 f   WorkstationModel_sfun_registry.obj
 0001:00031a20       ssWriteRTWStr              0000000180032a20 f   WorkstationModel_sfun_registry.obj
 0001:00031a80       ssWriteRTWMxVectParam      0000000180032a80 f   WorkstationModel_sfun_registry.obj
 0001:00031ae0       ssWriteRTWMx2dMatParam     0000000180032ae0 f   WorkstationModel_sfun_registry.obj
 0001:00031b60       ssWriteRTWNameValuePair    0000000180032b60 f   WorkstationModel_sfun_registry.obj
 0001:00032050       ssWriteRTWParameters       0000000180033050 f   WorkstationModel_sfun_registry.obj
 0001:00032650       ssWriteRTWParamSettings    0000000180033650 f   WorkstationModel_sfun_registry.obj
 0001:00032d20       ssWriteRTWWorkVect         0000000180033d20 f   WorkstationModel_sfun_registry.obj
 0001:00033220       mexFunction                0000000180034220 f   WorkstationModel_sfun_registry.obj
 0001:00034e60       ProcessMexSfunctionEveryCall 0000000180035e60 f   WorkstationModel_sfun_registry.obj
 0001:00034fd0       WorkstationModel_initializer 0000000180035fd0 f   WorkstationModel_sfun.obj
 0001:00034fe0       WorkstationModel_terminator 0000000180035fe0 f   WorkstationModel_sfun.obj
 0001:00034ff0       sf_WorkstationModel_method_dispatcher 0000000180035ff0 f   WorkstationModel_sfun.obj
 0001:00035130       sf_WorkstationModel_process_check_sum_call 0000000180036130 f   WorkstationModel_sfun.obj
 0001:000355f0       sf_WorkstationModel_autoinheritance_info 00000001800365f0 f   WorkstationModel_sfun.obj
 0001:00035990       sf_WorkstationModel_get_eml_resolved_functions_info 0000000180036990 f   WorkstationModel_sfun.obj
 0001:00035c90       WorkstationModel_debug_initialize 0000000180036c90 f   WorkstationModel_sfun.obj
 0001:00035d00       WorkstationModel_register_exported_symbols 0000000180036d00 f   WorkstationModel_sfun.obj
 0001:00035d10       load_WorkstationModel_optimization_info 0000000180036d10 f   WorkstationModel_sfun.obj
 0001:00035d60       unload_WorkstationModel_optimization_info 0000000180036d60 f   WorkstationModel_sfun.obj
 0001:00035e30       sf_mex_mx_is_numeric       0000000180036e30 f   sfc_mex:sfc_mex.obj
 0001:00035e70       strcmp_ignore_ws           0000000180036e70 f   sfc_mex:sfc_mex.obj
 0001:00035fb0       sf_mex_duplicatearraysafe  0000000180036fb0 f   sfc_mex:sfc_mex.obj
 0001:00036110       sf_set_error_debugger_context_message_fcn 0000000180037110 f   sfc_mex:sfc_mex.obj
 0001:00036120       sf_set_debugger_matlab_error_fcn 0000000180037120 f   sfc_mex:sfc_mex.obj
 0001:00036150       sf_set_error_prefix_string 0000000180037150 f   sfc_mex:sfc_mex.obj
 0001:00036180       sf_get_error_prefix_string 0000000180037180 f   sfc_mex:sfc_mex.obj
 0001:00036190       sf_mex_enter_parallel_region 0000000180037190 f   sfc_mex:sfc_mex.obj
 0001:000361a0       sf_mex_exit_parallel_region 00000001800371a0 f   sfc_mex:sfc_mex.obj
 0001:000361b0       sf_get_current_jmp_buf_ptr 00000001800371b0 f   sfc_mex:sfc_mex.obj
 0001:000361c0       sf_set_current_jmp_buf_ptr 00000001800371c0 f   sfc_mex:sfc_mex.obj
 0001:000361d0       sf_mex_set_halt_simulation 00000001800371d0 f   sfc_mex:sfc_mex.obj
 0001:000361e0       sf_mex_get_halt_simulation 00000001800371e0 f   sfc_mex:sfc_mex.obj
 0001:000361f0       sf_mex_clear_error_message 00000001800371f0 f   sfc_mex:sfc_mex.obj
 0001:00036210       sf_mex_get_error_message_for_read 0000000180037210 f   sfc_mex:sfc_mex.obj
 0001:00036220       sf_mex_get_error_message_buffer_length 0000000180037220 f   sfc_mex:sfc_mex.obj
 0001:00036300       sf_mex_warning_message     0000000180037300 f   sfc_mex:sfc_mex.obj
 0001:00036370       sf_mex_v_errbuf_createf    0000000180037370 f   sfc_mex:sfc_mex.obj
 0001:00036380       sf_mex_errbuf_createf      0000000180037380 f   sfc_mex:sfc_mex.obj
 0001:000363b0       sf_mex_v_errbuf_catf       00000001800373b0 f   sfc_mex:sfc_mex.obj
 0001:000363f0       sf_mex_errbuf_catf         00000001800373f0 f   sfc_mex:sfc_mex.obj
 0001:00036440       sf_mex_errbuf_copy         0000000180037440 f   sfc_mex:sfc_mex.obj
 0001:00036450       sf_mex_errbuf_clear        0000000180037450 f   sfc_mex:sfc_mex.obj
 0001:00036460       sf_mex_errbuf_isempty      0000000180037460 f   sfc_mex:sfc_mex.obj
 0001:00036570       sf_mex_set_error_status    0000000180037570 f   sfc_mex:sfc_mex.obj
 0001:000365c0       sf_mex_error_direct_call   00000001800375c0 f   sfc_mex:sfc_mex.obj
 0001:000365e0       sf_mex_error_message_no_long_jump 00000001800375e0 f   sfc_mex:sfc_mex.obj
 0001:00036600       sf_mex_long_jump_on_error  0000000180037600 f   sfc_mex:sfc_mex.obj
 0001:00036630       sf_mex_call_matlab         0000000180037630 f   sfc_mex:sfc_mex.obj
 0001:00036750       sf_mex_check_builtin       0000000180037750 f   sfc_mex:sfc_mex.obj
 0001:00036790       sf_mex_check_builtin_vs    0000000180037790 f   sfc_mex:sfc_mex.obj
 0001:000367f0       sf_mex_check_enum          00000001800377f0 f   sfc_mex:sfc_mex.obj
 0001:00036820       sf_mex_create_enum         0000000180037820 f   sfc_mex:sfc_mex.obj
 0001:00036840       sf_mex_get_enum_element    0000000180037840 f   sfc_mex:sfc_mex.obj
 0001:00036850       sf_mex_createcellarray     0000000180037850 f   sfc_mex:sfc_mex.obj
 0001:00036860       sf_mex_setcell             0000000180037860 f   sfc_mex:sfc_mex.obj
 0001:00036870       sf_mex_getcell             0000000180037870 f   sfc_mex:sfc_mex.obj
 0001:00036880       sf_mex_dup                 0000000180037880 f   sfc_mex:sfc_mex.obj
 0001:000368a0       sf_mex_assign              00000001800378a0 f   sfc_mex:sfc_mex.obj
 0001:00036920       sf_mex_destroy             0000000180037920 f   sfc_mex:sfc_mex.obj
 0001:00036950       mx_array_has_fi_type       0000000180037950 f   sfc_mex:sfc_mex.obj
 0001:00036980       sf_mex_convert_from_fi     0000000180037980 f   sfc_mex:sfc_mex.obj
 0001:00036a30       sf_mex_convert_to_double   0000000180037a30 f   sfc_mex:sfc_mex.obj
 0001:00036b50       sf_mex_import_fi_vs        0000000180037b50 f   sfc_mex:sfc_mex.obj
 0001:00036d10       sf_matrix_matrix_index_ok  0000000180037d10 f   sfc_mex:sfc_mex.obj
 0001:00036da0       sf_vector_vector_index_ok  0000000180037da0 f   sfc_mex:sfc_mex.obj
 0001:00036dd0       ssGetCurrentInputPortDimensions_wrapper 0000000180037dd0 f   sfc_mex:sfc_mex.obj
 0001:00036df0       ssGetCurrentOutputPortDimensions_wrapper 0000000180037df0 f   sfc_mex:sfc_mex.obj
 0001:00036e10       sf_mex_emlrt_context_is_debug_mode 0000000180037e10 f   sfc_mex:sfc_mex.obj
 0001:00036e20       sf_mex_emlrt_context_set_debug_mode 0000000180037e20 f   sfc_mex:sfc_mex.obj
 0001:00036e30       sf_mex_emlrtNameCapturePostProcessR2012a 0000000180037e30 f   sfc_mex:sfc_mex.obj
 0001:00036ea0       sf_clear_error_manager_info 0000000180037ea0 f   sfc_mex:sfc_mex.obj
 0001:00036f00       sf_mex_stop_simulation_abruptly_wo_error 0000000180037f00 f   sfc_mex:sfc_mex.obj
 0001:00036f40       sf_mex_error_message       0000000180037f40 f   sfc_mex:sfc_mex.obj
 0001:00036fa0       sf_react_to_error_in_matlab_call 0000000180037fa0 f   sfc_mex:sfc_mex.obj
 0001:00036fd0       sf_mex_addfield            0000000180037fd0 f   sfc_mex:sfc_mex.obj
 0001:00037070       sf_mex_getfield            0000000180038070 f   sfc_mex:sfc_mex.obj
 0001:00037370       sf_mex_check_class         0000000180038370 f   sfc_mex:sfc_mex.obj
 0001:00037410       sf_mex_is_real             0000000180038410 f   sfc_mex:sfc_mex.obj
 0001:00037880       sf_mex_decode_encoded_mx_struct_array 0000000180038880 f   sfc_mex:sfc_mex.obj
 0001:00037b60       sf_mex_lw_bounds_check     0000000180038b60 f   sfc_mex:sfc_mex.obj
 0001:00037b90       sf_mex_lw_size_eq_check_1d 0000000180038b90 f   sfc_mex:sfc_mex.obj
 0001:00037bb0       sf_mex_lw_size_eq_check_nd 0000000180038bb0 f   sfc_mex:sfc_mex.obj
 0001:00037d90       sf_mex_lw_dim_size_eq_check 0000000180038d90 f   sfc_mex:sfc_mex.obj
 0001:00037dc0       sf_mex_lw_dim_size_geq_check 0000000180038dc0 f   sfc_mex:sfc_mex.obj
 0001:00037df0       sf_mex_lw_sub_assign_size_check_nd 0000000180038df0 f   sfc_mex:sfc_mex.obj
 0001:00038020       sf_mex_lw_runtime_error_msgid 0000000180039020 f   sfc_mex:sfc_mex.obj
 0001:00038110       sf_mex_lw_matrix_matrix_index_check 0000000180039110 f   sfc_mex:sfc_mex.obj
 0001:00038130       sf_mex_lw_vector_vector_index_check 0000000180039130 f   sfc_mex:sfc_mex.obj
 0001:00038170       sf_mex_lw_for_loop_vector_check 0000000180039170 f   sfc_mex:sfc_mex.obj
 0001:000381f0       sf_mex_lw_non_negative_check 00000001800391f0 f   sfc_mex:sfc_mex.obj
 0001:00038230       sf_mex_overflow_error      0000000180039230 f   sfc_mex:sfc_mex.obj
 0001:00038240       sf_mex_dividebyzero_error  0000000180039240 f   sfc_mex:sfc_mex.obj
 0001:00038250       sf_mex_unsafe_enum_error   0000000180039250 f   sfc_mex:sfc_mex.obj
 0001:00038260       sf_emlrtErrHandler         0000000180039260 f   sfc_mex:sfc_mex.obj
 0001:00038340       sf_mex_size_one_check      0000000180039340 f   sfc_mex:sfc_mex.obj
 0001:00038360       sf_mex_printf              0000000180039360 f   sfc_mex:sfc_mex.obj
 0001:00038530       sf_mex_check_size          0000000180039530 f   sfc_mex:sfc_mex.obj
 0001:00038800       sf_mex_check_struct        0000000180039800 f   sfc_mex:sfc_mex.obj
 0001:00038a60       sf_mex_check_struct_vs     0000000180039a60 f   sfc_mex:sfc_mex.obj
 0001:00038af0       sf_mex_check_fi            0000000180039af0 f   sfc_mex:sfc_mex.obj
 0001:00038bf0       sf_mex_check_fi_vs         0000000180039bf0 f   sfc_mex:sfc_mex.obj
 0001:00038c90       sf_echo_expression         0000000180039c90 f   sfc_mex:sfc_mex.obj
 0001:00038cf0       sf_assertion_failed        0000000180039cf0 f   sfc_mex:sfc_mex.obj
 0001:00038fd0       sf_mex_evalin              0000000180039fd0 f   sfc_mex:sfc_mex.obj
 0001:00039240       sf_mex_export              000000018003a240 f   sfc_mex:sfc_mex.obj
 0001:00039300       sf_mex_get_ml_var_no_error 000000018003a300 f   sfc_mex:sfc_mex.obj
 0001:000394a0       sf_mex_get_ml_var          000000018003a4a0 f   sfc_mex:sfc_mex.obj
 0001:00039940       ml_set_element_value_in_array 000000018003a940 f   sfc_mex:sfc_mex.obj
 0001:0003b010       sf_mex_call_impl           000000018003c010 f   sfc_mex:sfc_mex.obj
 0001:0003b540       sf_mex_call_debug          000000018003c540 f   sfc_mex:sfc_mex.obj
 0001:0003b570       sf_mex_call                000000018003c570 f   sfc_mex:sfc_mex.obj
 0001:0003bbc0       sf_mex_createstruct        000000018003cbc0 f   sfc_mex:sfc_mex.obj
 0001:0003bcb0       sf_mex_createstructarray   000000018003ccb0 f   sfc_mex:sfc_mex.obj
 0001:0003bd30       sf_mex_get_mx_datatype_from_sf_datatype 000000018003cd30 f   sfc_mex:sfc_mex.obj
 0001:0003c040       sf_mex_ml_var_sub          000000018003d040 f   sfc_mex:sfc_mex.obj
 0001:0003c210       sf_mex_ml_var_subsasgn     000000018003d210 f   sfc_mex:sfc_mex.obj
 0001:0003c600       sf_mex_sub                 000000018003d600 f   sfc_mex:sfc_mex.obj
 0001:0003c800       sf_mex_subsasgn            000000018003d800 f   sfc_mex:sfc_mex.obj
 0001:0003cce0       sf_mex_create              000000018003dce0 f   sfc_mex:sfc_mex.obj
 0001:0003d730       sf_mex_import_named        000000018003e730 f   sfc_mex:sfc_mex.obj
 0001:0003d790       sf_mex_import              000000018003e790 f   sfc_mex:sfc_mex.obj
 0001:0003d7e0       sf_mex_import_vs           000000018003e7e0 f   sfc_mex:sfc_mex.obj
 0001:0003d8f0       sf_mex_lower_fixpt_mx_array 000000018003e8f0 f   sfc_mex:sfc_mex.obj
 0001:0003dbe0       sf_send_message_wrapper    000000018003ebe0 f   sfc_mex:sfc_sf.obj
 0001:0003dc10       sf_receive_message_wrapper 000000018003ec10 f   sfc_mex:sfc_sf.obj
 0001:0003dc50       sf_check_out_message_wrapper 000000018003ec50 f   sfc_mex:sfc_sf.obj
 0001:0003dc90       sf_check_in_message_wrapper 000000018003ec90 f   sfc_mex:sfc_sf.obj
 0001:0003dcd0       sf_no_message_wrapper      000000018003ecd0 f   sfc_mex:sfc_sf.obj
 0001:0003e060       sim_mode_is_rtw_gen        000000018003f060 f   sfc_mex:sfc_sf.obj
 0001:0003e090       sim_mode_is_external       000000018003f090 f   sfc_mex:sfc_sf.obj
 0001:0003e0a0       sim_mode_is_modelref_sim   000000018003f0a0 f   sfc_mex:sfc_sf.obj
 0001:0003e0c0       mdlInitializeSizes         000000018003f0c0 f   sfc_mex:sfc_sf.obj
 0001:0003e0e0       mdlInitializeSampleTimes   000000018003f0e0 f   sfc_mex:sfc_sf.obj
 0001:0003e120       mdlZeroCrossings           000000018003f120 f   sfc_mex:sfc_sf.obj
 0001:0003e200       mdlDerivatives             000000018003f200 f   sfc_mex:sfc_sf.obj
 0001:0003e2b0       mdl_initialize_conditions_processing 000000018003f2b0 f   sfc_mex:sfc_sf.obj
 0001:0003e2e0       mdlInitializeConditions    000000018003f2e0 f   sfc_mex:sfc_sf.obj
 0001:0003e3a0       mdlGetSimState             000000018003f3a0 f   sfc_mex:sfc_sf.obj
 0001:0003e3b0       mdlSetSimState             000000018003f3b0 f   sfc_mex:sfc_sf.obj
 0001:0003e3c0       mdl_ext_mode_exec_processing 000000018003f3c0 f   sfc_mex:sfc_sf.obj
 0001:0003e3e0       mdlExtModeExec             000000018003f3e0 f   sfc_mex:sfc_sf.obj
 0001:0003e570       mdlTerminate               000000018003f570 f   sfc_mex:sfc_sf.obj
 0001:0003e5e0       mdlRTW                     000000018003f5e0 f   sfc_mex:sfc_sf.obj
 0001:0003e610       mdlSetWorkWidths           000000018003f610 f   sfc_mex:sfc_sf.obj
 0001:0003e620       mdlProcessParameters       000000018003f620 f   sfc_mex:sfc_sf.obj
 0001:0003e630       mdl_start_processing       000000018003f630 f   sfc_mex:sfc_sf.obj
 0001:0003e670       mdlStart                   000000018003f670 f   sfc_mex:sfc_sf.obj
 0001:0003e760       mdlEnable                  000000018003f760 f   sfc_mex:sfc_sf.obj
 0001:0003e830       mdlDisable                 000000018003f830 f   sfc_mex:sfc_sf.obj
 0001:0003e8e0       sf_get_chart_instance_ptr  000000018003f8e0 f   sfc_mex:sfc_sf.obj
 0001:0003e900       sf_load_rtw_optimization_info 000000018003f900 f   sfc_mex:sfc_sf.obj
 0001:0003e9d0       sf_rtw_info_uint_prop      000000018003f9d0 f   sfc_mex:sfc_sf.obj
 0001:0003eb10       sf_is_chart_inlinable      000000018003fb10 f   sfc_mex:sfc_sf.obj
 0001:0003eb30       sf_mark_output_events_with_multiple_callers 000000018003fb30 f   sfc_mex:sfc_sf.obj
 0001:0003ecc0       sf_mark_chart_reusable_outputs 000000018003fcc0 f   sfc_mex:sfc_sf.obj
 0001:0003ef20       sf_mark_chart_expressionable_inputs 000000018003ff20 f   sfc_mex:sfc_sf.obj
 0001:0003f180       sf_get_subchart_simstruct  0000000180040180 f   sfc_mex:sfc_sf.obj
 0001:0003f1d0       sf_get_fixpt_data_type_id  00000001800401d0 f   sfc_mex:sfc_sf.obj
 0001:0003f210       sf_get_enum_data_type_id   0000000180040210 f   sfc_mex:sfc_sf.obj
 0001:0003f250       sf_get_param_data_type_id  0000000180040250 f   sfc_mex:sfc_sf.obj
 0001:0003f280       sf_mex_listen_for_ctrl_c_force 0000000180040280 f   sfc_mex:sfc_sf.obj
 0001:0003f390       sf_mex_draw_now            0000000180040390 f   sfc_mex:sfc_sf.obj
 0001:0003f3d0       sf_mex_set_debugger_sim_status_listener_fcn 00000001800403d0 f   sfc_mex:sfc_sf.obj
 0001:0003f3e0       sf_mex_listen_for_ctrl_c   00000001800403e0 f   sfc_mex:sfc_sf.obj
 0001:0003f470       sf_mex_get_sfun_param      0000000180040470 f   sfc_mex:sfc_sf.obj
 0001:0003f4c0       sf_get_runtime_param_data  00000001800404c0 f   sfc_mex:sfc_sf.obj
 0001:0003f500       sf_call_output_fcn_call    0000000180040500 f   sfc_mex:sfc_sf.obj
 0001:0003f640       sf_call_output_fcn_enable  0000000180040640 f   sfc_mex:sfc_sf.obj
 0001:0003f6d0       sf_call_output_fcn_disable 00000001800406d0 f   sfc_mex:sfc_sf.obj
 0001:0003f760       sf_clear_rtw_identifier    0000000180040760 f   sfc_mex:sfc_sf.obj
 0001:0003ff50       sf_set_encoded_dwork_info  0000000180040f50 f   sfc_mex:sfc_sf.obj
 0001:0003ffa0       sf_get_dwork_info_from_mat_file 0000000180040fa0 f   sfc_mex:sfc_sf.obj
 0001:00040160       sf_set_rtw_dwork_info      0000000180041160 f   sfc_mex:sfc_sf.obj
 0001:000402d0       mdlOutputs                 00000001800412d0 f   sfc_mex:sfc_sf.obj
 0001:00040470       sf_debug_disp              0000000180041470 f   sfc_debug:sfcdebug.obj
 0001:000406d0       sf_debug_data_runtime_size_mismatch_error_check 00000001800416d0 f   sfc_debug:sfcdebug.obj
 0001:00040770       sf_debug_try_loading_machine 0000000180041770 f   sfc_debug:sfcdebug.obj
 0001:00040870       sf_debug_reset_current_state_configuration 0000000180041870 f   sfc_debug:sfcdebug.obj
 0001:00040900       sf_debug_store_current_state_configuration 0000000180041900 f   sfc_debug:sfcdebug.obj
 0001:00040990       sf_debug_restore_previous_state_configuration 0000000180041990 f   sfc_debug:sfcdebug.obj
 0001:00040a20       sf_debug_restore_previous_state_configuration2 0000000180041a20 f   sfc_debug:sfcdebug.obj
 0001:00040ab0       sf_debug_get_event_scope   0000000180041ab0 f   sfc_debug:sfcdebug.obj
 0001:00040c20       use_debugger_step_animation 0000000180041c20 f   sfc_debug:sfcdebug.obj
 0001:00040c40       sf_debug_get_script_id     0000000180041c40 f   sfc_debug:sfcdebug.obj
 0001:00040cd0       sf_debug_set_script_translation 0000000180041cd0 f   sfc_debug:sfcdebug.obj
 0001:00040e50       sf_debug_extract_message_post_receive_info 0000000180041e50 f   sfc_debug:sfcdebug.obj
 0001:00040f50       sf_debug_get_current_machine_id 0000000180041f50 f   sfc_debug:sfcdebug.obj
 0001:00040f70       sf_debug_get_current_optional_integer 0000000180041f70 f   sfc_debug:sfcdebug.obj
 0001:00040f80       sf_debug_get_current_machine_number 0000000180041f80 f   sfc_debug:sfcdebug.obj
 0001:00040fa0       sf_debug_get_current_machine_name 0000000180041fa0 f   sfc_debug:sfcdebug.obj
 0001:00040fc0       sf_debug_get_current_chart_id 0000000180041fc0 f   sfc_debug:sfcdebug.obj
 0001:00041010       sf_debug_get_current_chart_number 0000000180042010 f   sfc_debug:sfcdebug.obj
 0001:00041020       sf_debug_get_current_instance_number 0000000180042020 f   sfc_debug:sfcdebug.obj
 0001:00041030       sf_debug_get_current_is_minor_time_step 0000000180042030 f   sfc_debug:sfcdebug.obj
 0001:000410b0       sf_debug_get_current_object_type 00000001800420b0 f   sfc_debug:sfcdebug.obj
 0001:000410c0       sf_debug_get_current_instance_handle 00000001800420c0 f   sfc_debug:sfcdebug.obj
 0001:00041120       sf_debug_get_current_event_type 0000000180042120 f   sfc_debug:sfcdebug.obj
 0001:00041130       sf_debug_get_current_object_id 0000000180042130 f   sfc_debug:sfcdebug.obj
 0001:00041170       sf_debug_get_current_active_event_type 0000000180042170 f   sfc_debug:sfcdebug.obj
 0001:00041180       sf_debug_get_current_active_event_id 0000000180042180 f   sfc_debug:sfcdebug.obj
 0001:000411c0       sf_debug_get_current_tag_type 00000001800421c0 f   sfc_debug:sfcdebug.obj
 0001:000411d0       sf_debug_get_current_simulation_time 00000001800421d0 f   sfc_debug:sfcdebug.obj
 0001:000411e0       sf_debug_get_current_coverage_percentage 00000001800421e0 f   sfc_debug:sfcdebug.obj
 0001:000411f0       sf_debug_current_statement_context 00000001800421f0 f   sfc_debug:sfcdebug.obj
 0001:00041280       sf_debug_get_current_statement_info 0000000180042280 f   sfc_debug:sfcdebug.obj
 0001:00041400       sf_debug_terminate_instance 0000000180042400 f   sfc_debug:sfcdebug.obj
 0001:00041740       sf_debug_assertion_failed  0000000180042740 f   sfc_debug:sfcdebug.obj
 0001:000418f0       sf_debug_set_number_of_data_with_change_event_for_machine 00000001800428f0 f   sfc_debug:sfcdebug.obj
 0001:00041930       sf_debug_set_machine_event_thresholds 0000000180042930 f   sfc_debug:sfcdebug.obj
 0001:00041950       sf_debug_set_machine_event_scope 0000000180042950 f   sfc_debug:sfcdebug.obj
 0001:00041990       sf_debug_set_machine_data_thresholds 0000000180042990 f   sfc_debug:sfcdebug.obj
 0001:000419d0       sf_debug_set_machine_data_scope 00000001800429d0 f   sfc_debug:sfcdebug.obj
 0001:00041a60       sf_debug_set_machine_data_name 0000000180042a60 f   sfc_debug:sfcdebug.obj
 0001:00041b00       sf_debug_set_machine_data_size 0000000180042b00 f   sfc_debug:sfcdebug.obj
 0001:00041c40       sf_debug_set_machine_data_type 0000000180042c40 f   sfc_debug:sfcdebug.obj
 0001:00041db0       sf_debug_get_chart_data_number 0000000180042db0 f   sfc_debug:sfcdebug.obj
 0001:00041dd0       sf_debug_get_chart_event_number 0000000180042dd0 f   sfc_debug:sfcdebug.obj
 0001:00041df0       sf_debug_set_chart_state_info 0000000180042df0 f   sfc_debug:sfcdebug.obj
 0001:00041e70       sf_debug_set_chart_decomposition 0000000180042e70 f   sfc_debug:sfcdebug.obj
 0001:00041ee0       sf_debug_set_chart_substate_count 0000000180042ee0 f   sfc_debug:sfcdebug.obj
 0001:00041fc0       sf_debug_set_chart_substate_index 0000000180042fc0 f   sfc_debug:sfcdebug.obj
 0001:00042030       sf_debug_set_chart_state_substate_count 0000000180043030 f   sfc_debug:sfcdebug.obj
 0001:00042140       sf_debug_set_chart_state_substate_index 0000000180043140 f   sfc_debug:sfcdebug.obj
 0001:000421c0       sf_debug_set_number_of_data_with_change_event_for_chart 00000001800431c0 f   sfc_debug:sfcdebug.obj
 0001:00042240       sf_debug_set_number_of_states_with_entry_event_for_chart 0000000180043240 f   sfc_debug:sfcdebug.obj
 0001:000422b0       sf_debug_set_number_of_states_with_exit_event_for_chart 00000001800432b0 f   sfc_debug:sfcdebug.obj
 0001:00042320       sf_debug_set_chart_disable_implicit_casting 0000000180043320 f   sfc_debug:sfcdebug.obj
 0001:00042390       sf_debug_set_chart_event_thresholds 0000000180043390 f   sfc_debug:sfcdebug.obj
 0001:00042400       sf_debug_set_chart_data_compiled_props 0000000180043400 f   sfc_debug:sfcdebug.obj
 0001:00042750       sf_debug_set_chart_data_props 0000000180043750 f   sfc_debug:sfcdebug.obj
 0001:00042a70       sf_debug_check_fi_license  0000000180043a70 f   sfc_debug:sfcdebug.obj
 0001:00042c60       sf_debug_symbol_scope_push 0000000180043c60 f   sfc_debug:sfcdebug.obj
 0001:00042ca0       sf_debug_symbol_scope_push_eml 0000000180043ca0 f   sfc_debug:sfcdebug.obj
 0001:00042cf0       sf_debug_symbol_scope_pop  0000000180043cf0 f   sfc_debug:sfcdebug.obj
 0001:00042d30       sf_debug_symbol_scope_add_importable 0000000180043d30 f   sfc_debug:sfcdebug.obj
 0001:00042db0       sf_debug_symbol_scope_add  0000000180043db0 f   sfc_debug:sfcdebug.obj
 0001:00042e30       sf_debug_symbol_scope_add_dyn_importable 0000000180043e30 f   sfc_debug:sfcdebug.obj
 0001:00042ef0       sf_debug_symbol_scope_add_dyn 0000000180043ef0 f   sfc_debug:sfcdebug.obj
 0001:00042f20       sf_debug_symbol_scope_add_eml_importable 0000000180043f20 f   sfc_debug:sfcdebug.obj
 0001:00042f60       sf_debug_symbol_scope_add_eml 0000000180043f60 f   sfc_debug:sfcdebug.obj
 0001:00042fa0       sf_debug_symbol_scope_add_eml_dyn_importable 0000000180043fa0 f   sfc_debug:sfcdebug.obj
 0001:00043010       sf_debug_symbol_scope_add_eml_dyn 0000000180044010 f   sfc_debug:sfcdebug.obj
 0001:00043070       sf_debug_symbol_switch     0000000180044070 f   sfc_debug:sfcdebug.obj
 0001:00043090       sf_debug_symbol_scope_add_verbose 0000000180044090 f   sfc_debug:sfcdebug.obj
 0001:00043160       sf_debug_set_machine_data_value_ptr 0000000180044160 f   sfc_debug:sfcdebug.obj
 0001:000431a0       sf_debug_set_instance_data_value_ptr 00000001800441a0 f   sfc_debug:sfcdebug.obj
 0001:00043260       sf_debug_unset_instance_data_value_ptr 0000000180044260 f   sfc_debug:sfcdebug.obj
 0001:00043310       sf_debug_set_chart_event_scope 0000000180044310 f   sfc_debug:sfcdebug.obj
 0001:00043390       sf_debug_set_chart_transition_coverage_maps 0000000180044390 f   sfc_debug:sfcdebug.obj
 0001:000434a0       sf_debug_set_chart_state_coverage_maps 00000001800444a0 f   sfc_debug:sfcdebug.obj
 0001:00043580       sf_debug_set_instance_transition_coverage_weights 0000000180044580 f   sfc_debug:sfcdebug.obj
 0001:00043620       sf_debug_set_instance_state_coverage_weights 0000000180044620 f   sfc_debug:sfcdebug.obj
 0001:00043870       sf_debug_unload_machine    0000000180044870 f   sfc_debug:sfcdebug.obj
 0001:000438c0       sf_debug_load_machine      00000001800448c0 f   sfc_debug:sfcdebug.obj
 0001:000439c0       sf_debug_set_active_instance_in_data_dictionary 00000001800449c0 f   sfc_debug:sfcdebug.obj
 0001:00043ba0       sf_debug_set_active_instance 0000000180044ba0 f   sfc_debug:sfcdebug.obj
 0001:00043ce0       sf_debug_chart_visiblity_change 0000000180044ce0 f   sfc_debug:sfcdebug.obj
 0001:00043dc0       sf_debug_select_chart      0000000180044dc0 f   sfc_debug:sfcdebug.obj
 0001:00043e90       sf_debug_set_instance_cv_ids 0000000180044e90 f   sfc_debug:sfcdebug.obj
 0001:000441a0       sf_debug_select_charts     00000001800451a0 f   sfc_debug:sfcdebug.obj
 0001:000442e0       sf_debug_initialized       00000001800452e0 f   sfc_debug:sfcdebug.obj
 0001:000442f0       sf_debug_is_uninterruptible 00000001800452f0 f   sfc_debug:sfcdebug.obj
 0001:00044320       sf_debug_initialize_debugger_gui 0000000180045320 f   sfc_debug:sfcdebug.obj
 0001:00044710       sf_debug_resume            0000000180045710 f   sfc_debug:sfcdebug.obj
 0001:00044730       sf_debug_go                0000000180045730 f   sfc_debug:sfcdebug.obj
 0001:00044740       sf_debug_break             0000000180045740 f   sfc_debug:sfcdebug.obj
 0001:00044750       sf_debug_step_over         0000000180045750 f   sfc_debug:sfcdebug.obj
 0001:00044760       sf_debug_step_out          0000000180045760 f   sfc_debug:sfcdebug.obj
 0001:00044770       sf_debug_set_disable_all_breakpoints 0000000180045770 f   sfc_debug:sfcdebug.obj
 0001:00044780       sf_debug_disable_all_breakpoints_and_go 0000000180045780 f   sfc_debug:sfcdebug.obj
 0001:00044790       sf_debug_break_on_chart_entry 0000000180045790 f   sfc_debug:sfcdebug.obj
 0001:000447a0       sf_debug_break_on_event_broadcast 00000001800457a0 f   sfc_debug:sfcdebug.obj
 0001:000447b0       sf_debug_break_on_state_entry 00000001800457b0 f   sfc_debug:sfcdebug.obj
 0001:000447c0       sf_debug_break_between_times 00000001800457c0 f   sfc_debug:sfcdebug.obj
 0001:000447e0       sf_debug_browse_data       00000001800457e0 f   sfc_debug:sfcdebug.obj
 0001:00044800       sf_debug_watch_data        0000000180045800 f   sfc_debug:sfcdebug.obj
 0001:00044820       sf_debug_assign_data       0000000180045820 f   sfc_debug:sfcdebug.obj
 0001:00044840       sf_debug_whos              0000000180045840 f   sfc_debug:sfcdebug.obj
 0001:00044860       sf_debug_get_consistency_info 0000000180045860 f   sfc_debug:sfcdebug.obj
 0001:00044870       sf_debug_browse_trace      0000000180045870 f   sfc_debug:sfcdebug.obj
 0001:00044880       sf_debug_set_breakpoints   0000000180045880 f   sfc_debug:sfcdebug.obj
 0001:000449e0       sf_debug_set_eml_breakpoints 00000001800459e0 f   sfc_debug:sfcdebug.obj
 0001:00044b40       sf_debug_set_script_breakpoints 0000000180045b40 f   sfc_debug:sfcdebug.obj
 0001:00044bc0       sf_debug_add_script_breakpoints 0000000180045bc0 f   sfc_debug:sfcdebug.obj
 0001:00044c30       sf_debug_clear_script_breakpoints 0000000180045c30 f   sfc_debug:sfcdebug.obj
 0001:00044ca0       sf_debug_query_script_breakpoints 0000000180045ca0 f   sfc_debug:sfcdebug.obj
 0001:00044d60       sf_debug_get_eml_script_id 0000000180045d60 f   sfc_debug:sfcdebug.obj
 0001:00044db0       sf_debug_set_watch         0000000180045db0 f   sfc_debug:sfcdebug.obj
 0001:00044fe0       sf_debug_get_instance_handle 0000000180045fe0 f   sfc_debug:sfcdebug.obj
 0001:00045070       sf_debug_get_active_states 0000000180046070 f   sfc_debug:sfcdebug.obj
 0001:00045080       sf_debug_get_animation     0000000180046080 f   sfc_debug:sfcdebug.obj
 0001:00045090       sf_debug_set_animation     0000000180046090 f   sfc_debug:sfcdebug.obj
 0001:000450a0       sf_debug_animate           00000001800460a0 f   sfc_debug:sfcdebug.obj
 0001:000450d0       sf_debug_cycle_detection_check 00000001800460d0 f   sfc_debug:sfcdebug.obj
 0001:000450e0       sf_debug_data_range_check  00000001800460e0 f   sfc_debug:sfcdebug.obj
 0001:000450f0       sf_debug_transition_conflict_check 00000001800460f0 f   sfc_debug:sfcdebug.obj
 0001:00045100       sf_debug_state_consistency_check 0000000180046100 f   sfc_debug:sfcdebug.obj
 0001:00045110       sf_debug_data_range_check_enabled 0000000180046110 f   sfc_debug:sfcdebug.obj
 0001:00045130       sf_debug_transition_conflict_check_enabled 0000000180046130 f   sfc_debug:sfcdebug.obj
 0001:00045150       sf_debug_transition_conflict_check_begin 0000000180046150 f   sfc_debug:sfcdebug.obj
 0001:00045170       sf_debug_transition_conflict_check_end 0000000180046170 f   sfc_debug:sfcdebug.obj
 0001:00045190       sf_debug_stop_debugging    0000000180046190 f   sfc_debug:sfcdebug.obj
 0001:000451c0       sf_debug_is_cycle_detected 00000001800461c0 f   sfc_debug:sfcdebug.obj
 0001:000451d0       sf_debug_is_array_bounds_detected 00000001800461d0 f   sfc_debug:sfcdebug.obj
 0001:000451e0       sf_debug_get_state_vectors_data_size 00000001800461e0 f   sfc_debug:sfcdebug.obj
 0001:00045220       sf_debug_get_state_vectors_data 0000000180046220 f   sfc_debug:sfcdebug.obj
 0001:00045320       sf_debug_set_state_vectors_data 0000000180046320 f   sfc_debug:sfcdebug.obj
 0001:000455e0       sf_debug_get_script_index  00000001800465e0 f   sfc_debug:sfcdebug.obj
 0001:00045770       sf_debug_add_script        0000000180046770 f   sfc_debug:sfcdebug.obj
 0001:00045900       cv_eval_point              0000000180046900 f   sfc_debug:sfcdebug.obj
 0001:00045a70       cv_eval_testobjective      0000000180046a70 f   sfc_debug:sfcdebug.obj
 0001:00045b90       sf_debug_cv_init_state     0000000180046b90 f   sfc_debug:sfcdebug.obj
 0001:00045cb0       sf_debug_cv_init_chart     0000000180046cb0 f   sfc_debug:sfcdebug.obj
 0001:00045d90       sf_debug_cv_init_trans     0000000180046d90 f   sfc_debug:sfcdebug.obj
 0001:00045e90       sf_debug_cv_init_testobjectives 0000000180046e90 f   sfc_debug:sfcdebug.obj
 0001:00046070       cv_eml_init_script         0000000180047070 f   sfc_debug:sfcdebug.obj
 0001:00046170       cv_eml_init_fcn            0000000180047170 f   sfc_debug:sfcdebug.obj
 0001:00046220       cv_eml_init_testobjective  0000000180047220 f   sfc_debug:sfcdebug.obj
 0001:000462f0       cv_eml_init_if             00000001800472f0 f   sfc_debug:sfcdebug.obj
 0001:000463c0       cv_eml_init_for            00000001800473c0 f   sfc_debug:sfcdebug.obj
 0001:00046480       cv_eml_init_while          0000000180047480 f   sfc_debug:sfcdebug.obj
 0001:00046540       cv_eml_init_mcdc           0000000180047540 f   sfc_debug:sfcdebug.obj
 0001:00046650       cv_eml_init_switch         0000000180047650 f   sfc_debug:sfcdebug.obj
 0001:00046740       cv_eml_eval                0000000180047740 f   sfc_debug:sfcdebug.obj
 0001:00046820       sf_debug_bm_is_a_eml_breakpoint 0000000180047820 f   sfc_debug:sfcdebug.obj
 0001:00046970       sf_debug_temporal_threshold 0000000180047970 f   sfc_debug:sfcdebug.obj
 0001:00046cd0       sf_debug_transition_conflict_error 0000000180047cd0 f   sfc_debug:sfcdebug.obj
 0001:00047050       sf_debug_state_inconsistency_error 0000000180048050 f   sfc_debug:sfcdebug.obj
 0001:00047170       sf_debug_check_for_state_inconsistency 0000000180048170 f   sfc_debug:sfcdebug.obj
 0001:000471a0       sf_debug_cycle_detecton_error 00000001800481a0 f   sfc_debug:sfcdebug.obj
 0001:00047990       sf_debug_size_eq_check_1d  0000000180048990 f   sfc_debug:sfcdebug.obj
 0001:000479b0       sf_debug_size_eq_check_nd  00000001800489b0 f   sfc_debug:sfcdebug.obj
 0001:00047b90       sf_debug_dim_size_eq_check 0000000180048b90 f   sfc_debug:sfcdebug.obj
 0001:00047bc0       sf_debug_dim_size_geq_check 0000000180048bc0 f   sfc_debug:sfcdebug.obj
 0001:00047bf0       sf_debug_sub_assign_size_check_nd 0000000180048bf0 f   sfc_debug:sfcdebug.obj
 0001:00047e30       sf_debug_matrix_matrix_index_check 0000000180048e30 f   sfc_debug:sfcdebug.obj
 0001:00047e60       sf_debug_vector_vector_index_check 0000000180048e60 f   sfc_debug:sfcdebug.obj
 0001:00047e90       sf_debug_for_loop_vector_check 0000000180048e90 f   sfc_debug:sfcdebug.obj
 0001:00047f10       sf_debug_runtime_error_msgid 0000000180048f10 f   sfc_debug:sfcdebug.obj
 0001:00047fa0       sf_debug_data_array_bounds_error_check 0000000180048fa0 f   sfc_debug:sfcdebug.obj
 0001:000480b0       sf_debug_eml_data_array_bounds_error_check 00000001800490b0 f   sfc_debug:sfcdebug.obj
 0001:00048590       sf_debug_integer_check     0000000180049590 f   sfc_debug:sfcdebug.obj
 0001:00048670       sf_debug_not_nan_check     0000000180049670 f   sfc_debug:sfcdebug.obj
 0001:00048730       sf_debug_non_negative_check 0000000180049730 f   sfc_debug:sfcdebug.obj
 0001:000487f0       sf_debug_overflow_detection 00000001800497f0 f   sfc_debug:sfcdebug.obj
 0001:00048ee0       sf_debug_cast_to_real32_T  0000000180049ee0 f   sfc_debug:sfcdebug.obj
 0001:00048fa0       sf_debug_cast_to_int8_T    0000000180049fa0 f   sfc_debug:sfcdebug.obj
 0001:00049060       sf_debug_cast_to_uint8_T   000000018004a060 f   sfc_debug:sfcdebug.obj
 0001:00049120       sf_debug_cast_to_int16_T   000000018004a120 f   sfc_debug:sfcdebug.obj
 0001:000491e0       sf_debug_cast_to_uint16_T  000000018004a1e0 f   sfc_debug:sfcdebug.obj
 0001:000492a0       sf_debug_cast_to_int32_T   000000018004a2a0 f   sfc_debug:sfcdebug.obj
 0001:00049360       sf_debug_cast_to_uint32_T  000000018004a360 f   sfc_debug:sfcdebug.obj
 0001:00049420       sf_debug_data_range_error  000000018004a420 f   sfc_debug:sfcdebug.obj
 0001:00049770       sf_debug_read_before_write_check 000000018004a770 f   sfc_debug:sfcdebug.obj
 0001:00049b60       sf_debug_data_range_error_wrapper_min_max 000000018004ab60 f   sfc_debug:sfcdebug.obj
 0001:00049c50       sf_debug_data_range_error_wrapper_min 000000018004ac50 f   sfc_debug:sfcdebug.obj
 0001:00049d30       sf_debug_data_range_error_wrapper_max 000000018004ad30 f   sfc_debug:sfcdebug.obj
 0001:00049e10       sf_debug_data_range_wrapper 000000018004ae10 f   sfc_debug:sfcdebug.obj
 0001:00049ec0       sf_debug_set_current_status_info 000000018004aec0 f   sfc_debug:sfcdebug.obj
 0001:0004a270       sf_debug_register_message_post_receive_info 000000018004b270 f   sfc_debug:sfcdebug.obj
 0001:0004a4e0       sf_debug_call              000000018004b4e0 f   sfc_debug:sfcdebug.obj
 0001:0004b3a0       sf_debug_initialize_machine 000000018004c3a0 f   sfc_debug:sfcdebug.obj
 0001:0004b6b0       sf_debug_initialize_chart  000000018004c6b0 f   sfc_debug:sfcdebug.obj
 0001:0004bb90       sf_debug_ensure_script     000000018004cb90 f   sfc_debug:sfcdebug.obj
 0001:0004bc50       cv_script_init_script      000000018004cc50 f   sfc_debug:sfcdebug.obj
 0001:0004bd30       cv_script_init_fcn         000000018004cd30 f   sfc_debug:sfcdebug.obj
 0001:0004bde0       cv_script_init_testobjective 000000018004cde0 f   sfc_debug:sfcdebug.obj
 0001:0004be90       cv_script_init_if          000000018004ce90 f   sfc_debug:sfcdebug.obj
 0001:0004bf40       cv_script_init_for         000000018004cf40 f   sfc_debug:sfcdebug.obj
 0001:0004bff0       cv_script_init_while       000000018004cff0 f   sfc_debug:sfcdebug.obj
 0001:0004c0a0       cv_script_init_mcdc        000000018004d0a0 f   sfc_debug:sfcdebug.obj
 0001:0004c1a0       cv_script_init_switch      000000018004d1a0 f   sfc_debug:sfcdebug.obj
 0001:0004c280       cv_script_eval             000000018004d280 f   sfc_debug:sfcdebug.obj
 0001:0004c360       eml_debug_line_call        000000018004d360 f   sfc_debug:sfcdebug.obj
 0001:0004c510       sf_debug_terminate         000000018004d510 f   sfc_debug:sfcdebug.obj
 0001:0004c680       sf_debug_set_script_cv_ids 000000018004d680 f   sfc_debug:sfcdebug.obj
 0001:0004c7b0       sf_debug_api               000000018004d7b0 f   sfc_debug:sfc_api.obj
 0001:0004df90       sf_debug_sm_terminate      000000018004ef90 f   sfc_debug:sfdb_animation.obj
 0001:0004e150       sf_debug_reset_path_objects 000000018004f150 f   sfc_debug:sfdb_animation.obj
 0001:0004e1d0       sf_debug_sm_reset_object_selection_status 000000018004f1d0 f   sfc_debug:sfdb_animation.obj
 0001:0004e270       sf_debug_sm_reset_state_buffer 000000018004f270 f   sfc_debug:sfdb_animation.obj
 0001:0004e340       sf_debug_sm_store_state_buffer 000000018004f340 f   sfc_debug:sfdb_animation.obj
 0001:0004e3c0       sf_debug_sm_restore_state_buffer1 000000018004f3c0 f   sfc_debug:sfdb_animation.obj
 0001:0004e430       sf_debug_sm_restore_state_buffer2 000000018004f430 f   sfc_debug:sfdb_animation.obj
 0001:0004e4a0       sf_debug_sm_chart_active   000000018004f4a0 f   sfc_debug:sfdb_animation.obj
 0001:0004e4f0       sf_debug_sm_select_active_objects 000000018004f4f0 f   sfc_debug:sfdb_animation.obj
 0001:0004e9a0       sf_debug_sm_is_chart_active 000000018004f9a0 f   sfc_debug:sfdb_animation.obj
 0001:0004e9e0       sf_debug_sm_is_state_active 000000018004f9e0 f   sfc_debug:sfdb_animation.obj
 0001:0004ec20       sf_debug_sm_get_active_states 000000018004fc20 f   sfc_debug:sfdb_animation.obj
 0001:0004f1e0       sf_debug_sm_initialize_instance 00000001800501e0 f   sfc_debug:sfdb_animation.obj
 0001:0004f430       sf_debug_sm_change_object_selection_status 0000000180050430 f   sfc_debug:sfdb_animation.obj
 0001:0004f720       cv_create_interface        0000000180050720 f   sfc_debug:cv_sfinterface.obj
 0001:0004fa80       cv_init_trans              0000000180050a80 f   sfc_debug:cv_sfinterface.obj
 0001:0004fad0       cv_init_testobjective      0000000180050ad0 f   sfc_debug:cv_sfinterface.obj
 0001:0004fb10       cv_init_state              0000000180050b10 f   sfc_debug:cv_sfinterface.obj
 0001:0004fb80       cv_init_chart              0000000180050b80 f   sfc_debug:cv_sfinterface.obj
 0001:0004fbd0       cv_dec_update_call         0000000180050bd0 f   sfc_debug:cv_sfinterface.obj
 0001:0004fc10       cv_cond_update_call        0000000180050c10 f   sfc_debug:cv_sfinterface.obj
 0001:0004fc50       cv_testobjective_update_call 0000000180050c50 f   sfc_debug:cv_sfinterface.obj
 0001:0004fc90       cv_sigrange_update         0000000180050c90 f   sfc_debug:cv_sfinterface.obj
 0001:0004fcd0       cvsf_eml_eval              0000000180050cd0 f   sfc_debug:cv_sfinterface.obj
 0001:0004fdb0       cvsf_eml_init_script       0000000180050db0 f   sfc_debug:cv_sfinterface.obj
 0001:0004fe30       cvsf_eml_init_fcn          0000000180050e30 f   sfc_debug:cv_sfinterface.obj
 0001:0004fe90       cvsf_eml_init_testobjective 0000000180050e90 f   sfc_debug:cv_sfinterface.obj
 0001:0004fef0       cvsf_eml_init_if           0000000180050ef0 f   sfc_debug:cv_sfinterface.obj
 0001:0004ff50       cvsf_eml_init_for          0000000180050f50 f   sfc_debug:cv_sfinterface.obj
 0001:0004ffa0       cvsf_eml_init_while        0000000180050fa0 f   sfc_debug:cv_sfinterface.obj
 0001:0004fff0       cvsf_eml_init_mcdc         0000000180050ff0 f   sfc_debug:cv_sfinterface.obj
 0001:00050080       cvsf_eml_init_switch       0000000180051080 f   sfc_debug:cv_sfinterface.obj
 0001:000500f0       cvsf_script_eval           00000001800510f0 f   sfc_debug:cv_sfinterface.obj
 0001:000501d0       cvsf_script_init_script    00000001800511d0 f   sfc_debug:cv_sfinterface.obj
 0001:00050250       cvsf_script_init_fcn       0000000180051250 f   sfc_debug:cv_sfinterface.obj
 0001:000502b0       cvsf_script_init_testobjective 00000001800512b0 f   sfc_debug:cv_sfinterface.obj
 0001:00050310       cvsf_script_init_if        0000000180051310 f   sfc_debug:cv_sfinterface.obj
 0001:00050370       cvsf_script_init_for       0000000180051370 f   sfc_debug:cv_sfinterface.obj
 0001:000503c0       cvsf_script_init_while     00000001800513c0 f   sfc_debug:cv_sfinterface.obj
 0001:00050410       cvsf_script_init_mcdc      0000000180051410 f   sfc_debug:cv_sfinterface.obj
 0001:000504a0       cvsf_script_init_switch    00000001800514a0 f   sfc_debug:cv_sfinterface.obj
 0001:00050510       cv_destroy_interface       0000000180051510 f   sfc_debug:cv_sfinterface.obj
 0001:00050530       cv_create_instance_objects 0000000180051530 f   sfc_debug:cv_sfinterface.obj
 0001:000509e0       cv_is_enabled              00000001800519e0 f   sfc_debug:cv_sfinterface.obj
 0001:000509f0       sf_debug_cv_initialize_script 00000001800519f0 f   sfc_debug:cv_sfinterface.obj
 0001:00050ba0       sf_debug_cv_initialize_instance 0000000180051ba0 f   sfc_debug:cv_sfinterface.obj
 0001:00050f40       sf_debug_cv_terminate_chart 0000000180051f40 f   sfc_debug:cv_sfinterface.obj
 0001:00051080       cv_call_trans_test         0000000180052080 f   sfc_debug:cv_sfinterface.obj
 0001:00051090       cv_call_sub_cond_test      0000000180052090 f   sfc_debug:cv_sfinterface.obj
 0001:000510d0       sf_debug_st_initialize_machine 00000001800520d0 f   sfc_debug:sfdb_data_browse.obj
 0001:00051190       sf_debug_st_initialize_instance 0000000180052190 f   sfc_debug:sfdb_data_browse.obj
 0001:000513c0       sf_debug_st_terminate      00000001800523c0 f   sfc_debug:sfdb_data_browse.obj
 0001:00051760       sf_debug_st_set_data_value_ptr_in_machine 0000000180052760 f   sfc_debug:sfdb_data_browse.obj
 0001:000517f0       sf_debug_st_set_data_value_ptr_in_instance 00000001800527f0 f   sfc_debug:sfdb_data_browse.obj
 0001:000518d0       sf_debug_st_unset_data_value_ptr_in_machine 00000001800528d0 f   sfc_debug:sfdb_data_browse.obj
 0001:00051940       sf_debug_st_unset_data_value_ptr_in_instance 0000000180052940 f   sfc_debug:sfdb_data_browse.obj
 0001:00051c50       sf_debug_mx_value          0000000180052c50 f   sfc_debug:sfdb_data_browse.obj
 0001:00051cb0       sf_debug_mx_packed_vector  0000000180052cb0 f   sfc_debug:sfdb_data_browse.obj
 0001:00051d90       sf_debug_mx_uint_vector    0000000180052d90 f   sfc_debug:sfdb_data_browse.obj
 0001:00051e50       sf_debug_st_get_double_value_from_void_ptr_vector 0000000180052e50 f   sfc_debug:sfdb_data_browse.obj
 0001:00052940       sf_debug_st_browse_data    0000000180053940 f   sfc_debug:sfdb_data_browse.obj
 0001:000531d0       sf_debug_hm_initialize_instance 00000001800541d0 f   sfc_debug:sfdb_handle_management.obj
 0001:00053750       sf_debug_hm_get_object_id  0000000180054750 f   sfc_debug:sfdb_handle_management.obj
 0001:000556c0       sf_debug_object_is_eml_function 00000001800566c0 f   sfc_debug:sfdb_handle_management.obj
 0001:00055730       sf_debug_hm_initialize_ids_in_machine 0000000180056730 f   sfc_debug:sfdb_handle_management.obj
 0001:000558a0       sf_debug_hm_initialize_ids_in_chart 00000001800568a0 f   sfc_debug:sfdb_handle_management.obj
 0001:000559e0       sf_debug_hm_initialize_chart 00000001800569e0 f   sfc_debug:sfdb_handle_management.obj
 0001:00056190       sf_debug_hm_terminate      0000000180057190 f   sfc_debug:sfdb_handle_management.obj
 0001:000561f0       sf_debug_hm_initialize_machine 00000001800571f0 f   sfc_debug:sfdb_handle_management.obj
 0001:000569a0       sf_debug_ss_initialize     00000001800579a0 f   sfc_debug:sfdb_symbol_scope.obj
 0001:000569c0       sf_debug_ss_terminate      00000001800579c0 f   sfc_debug:sfdb_symbol_scope.obj
 0001:00056a50       sf_debug_ss_push_symbol_scope 0000000180057a50 f   sfc_debug:sfdb_symbol_scope.obj
 0001:00056b50       sf_debug_ss_push_symbol_scope_eml 0000000180057b50 f   sfc_debug:sfdb_symbol_scope.obj
 0001:00056bb0       sf_debug_ss_pop_symbol_scope 0000000180057bb0 f   sfc_debug:sfdb_symbol_scope.obj
 0001:00056c60       sf_debug_ss_add_symbol     0000000180057c60 f   sfc_debug:sfdb_symbol_scope.obj
 0001:00056dc0       sf_debug_ss_add_symbol_eml 0000000180057dc0 f   sfc_debug:sfdb_symbol_scope.obj
 0001:00057aa0       sf_debug_ss_set_data_value 0000000180058aa0 f   sfc_debug:sfdb_symbol_scope.obj
 0001:00057f40       sf_debug_ss_watch_data     0000000180058f40 f   sfc_debug:sfdb_symbol_scope.obj
 0001:00057fe0       sf_debug_ss_assign_data    0000000180058fe0 f   sfc_debug:sfdb_symbol_scope.obj
 0001:000589e0       get_data_entry_name        00000001800599e0 f   sfc_debug:sfdb_symbol_scope.obj
 0001:00058a30       sf_debug_ss_whos           0000000180059a30 f   sfc_debug:sfdb_symbol_scope.obj
 0001:00059140       sf_debug_cc_initialize_chart 000000018005a140 f   sfc_debug:sfdb_coverage.obj
 0001:00059b30       sf_debug_cc_initialize_instance 000000018005ab30 f   sfc_debug:sfdb_coverage.obj
 0001:0005a930       sf_debug_cc_terminate      000000018005b930 f   sfc_debug:sfdb_coverage.obj
 0001:0005aa20       sf_debug_cc_set_transition_maps 000000018005ba20 f   sfc_debug:sfdb_coverage.obj
 0001:0005ab50       sf_debug_cc_set_state_maps 000000018005bb50 f   sfc_debug:sfdb_coverage.obj
 0001:0005ac30       sf_debug_cc_set_transition_weights 000000018005bc30 f   sfc_debug:sfdb_coverage.obj
 0001:0005af00       sf_debug_cc_set_state_weights 000000018005bf00 f   sfc_debug:sfdb_coverage.obj
 0001:0005b1d0       sf_debug_cc_mark_transition_guard 000000018005c1d0 f   sfc_debug:sfdb_coverage.obj
 0001:0005b260       sf_debug_cc_mark_transition_trigger 000000018005c260 f   sfc_debug:sfdb_coverage.obj
 0001:0005b2f0       sf_debug_cc_mark_transition_decision 000000018005c2f0 f   sfc_debug:sfdb_coverage.obj
 0001:0005b360       sf_debug_cc_mark_transition_condition_action 000000018005c360 f   sfc_debug:sfdb_coverage.obj
 0001:0005b3b0       sf_debug_cc_mark_transition_transition_action 000000018005c3b0 f   sfc_debug:sfdb_coverage.obj
 0001:0005b400       sf_debug_cc_mark_state_entry 000000018005c400 f   sfc_debug:sfdb_coverage.obj
 0001:0005b450       sf_debug_cc_mark_state_during 000000018005c450 f   sfc_debug:sfdb_coverage.obj
 0001:0005b4a0       sf_debug_cc_mark_state_exit 000000018005c4a0 f   sfc_debug:sfdb_coverage.obj
 0001:0005b4f0       sf_debug_bm_clear_script_breakpoints 000000018005c4f0 f   sfc_debug:sfdb_breakpoints.obj
 0001:0005b520       sf_debug_bm_set_script_breakpoint 000000018005c520 f   sfc_debug:sfdb_breakpoints.obj
 0001:0005b5a0       sf_debug_bm_clear_single_script_breakpoint 000000018005c5a0 f   sfc_debug:sfdb_breakpoints.obj
 0001:0005b620       sf_debug_bm_query_script_breakpoint 000000018005c620 f   sfc_debug:sfdb_breakpoints.obj
 0001:0005b670       sf_debug_bm_initialize_scripts 000000018005c670 f   sfc_debug:sfdb_breakpoints.obj
 0001:0005bd90       sf_debug_bm_terminate      000000018005cd90 f   sfc_debug:sfdb_breakpoints.obj
 0001:0005c080       sf_debug_bm_remove_all_breakpoints_in_machine 000000018005d080 f   sfc_debug:sfdb_breakpoints.obj
 0001:0005c0f0       sf_debug_bm_remove_all_breakpoints_in_chart 000000018005d0f0 f   sfc_debug:sfdb_breakpoints.obj
 0001:0005c240       sf_debug_bm_initialize_global_breakpoints 000000018005d240 f   sfc_debug:sfdb_breakpoints.obj
 0001:0005c3c0       sf_debug_bm_set_breakpoint 000000018005d3c0 f   sfc_debug:sfdb_breakpoints.obj
 0001:0005c9f0       sf_debug_bm_set_eml_breakpoint 000000018005d9f0 f   sfc_debug:sfdb_breakpoints.obj
 0001:0005ca90       sf_debug_bm_initialize_machine_breakpoint_map 000000018005da90 f   sfc_debug:sfdb_breakpoints.obj
 0001:0005ceb0       sf_debug_bm_is_a_breakpoint 000000018005deb0 f   sfc_debug:sfdb_breakpoints.obj
 0001:0005d3d0       sf_debug_bm_get_all_breakpoints_in_machine 000000018005e3d0 f   sfc_debug:sfdb_breakpoints.obj
 0001:0005d6d0       sf_debug_bm_get_all_breakpoints_in_chart 000000018005e6d0 f   sfc_debug:sfdb_breakpoints.obj
 0001:0005e390       sf_debug_bm_initialize_machine 000000018005f390 f   sfc_debug:sfdb_breakpoints.obj
 0001:0005e460       sf_debug_bm_initialize_chart 000000018005f460 f   sfc_debug:sfdb_breakpoints.obj
 0001:0005e880       sf_debug_sc_terminate      000000018005f880 f   sfc_debug:sfdb_state_consistency.obj
 0001:0005ebb0       sf_debug_sc_is_chart_consistent 000000018005fbb0 f   sfc_debug:sfdb_state_consistency.obj
 0001:0005ee60       sf_debug_sc_get_consistency_error_info 000000018005fe60 f   sfc_debug:sfdb_state_consistency.obj
 0001:0005f2b0       sf_debug_tm_terminate      00000001800602b0 f   sfc_debug:sfdb_call_stack.obj
 0001:0005f370       sf_debug_tm_push_chart_instance 0000000180060370 f   sfc_debug:sfdb_call_stack.obj
 0001:0005f4c0       sf_debug_tm_pop_chart_instance 00000001800604c0 f   sfc_debug:sfdb_call_stack.obj
 0001:0005f520       sf_debug_tm_push_trace_node 0000000180060520 f   sfc_debug:sfdb_call_stack.obj
 0001:0005f6b0       sf_debug_tm_pop_trace_node 00000001800606b0 f   sfc_debug:sfdb_call_stack.obj
 0001:0005f730       sf_debug_tm_get_current_global_trace_index 0000000180060730 f   sfc_debug:sfdb_call_stack.obj
 0001:0005f740       sf_debug_tm_get_current_local_trace_index 0000000180060740 f   sfc_debug:sfdb_call_stack.obj
 0001:0005f770       sf_debug_tm_set_cycle_detected_flag 0000000180060770 f   sfc_debug:sfdb_call_stack.obj
 0001:0005f7b0       sf_debug_tm_set_cycle_started_flag 00000001800607b0 f   sfc_debug:sfdb_call_stack.obj
 0001:0005f7f0       sf_debug_tm_get_chart_number_from_stack 00000001800607f0 f   sfc_debug:sfdb_call_stack.obj
 0001:0005f9f0       sf_debug_tm_browse_trace   00000001800609f0 f   sfc_debug:sfdb_call_stack.obj
 0001:0005fd30       sf_debug_cd_initialize_instance 0000000180060d30 f   sfc_debug:sfdb_cycle_detection.obj
 0001:0005ffe0       sf_debug_cd_mark_processed_transition_in_instance 0000000180060fe0 f   sfc_debug:sfdb_cycle_detection.obj
 0001:00060080       sf_debug_cd_checksum_push  0000000180061080 f   sfc_debug:sfdb_cycle_detection.obj
 0001:00060340       sf_debug_cd_checksum_pop   0000000180061340 f   sfc_debug:sfdb_cycle_detection.obj
 0001:000603b0       sf_debug_cd_turn_off_cycle_detection 00000001800613b0 f   sfc_debug:sfdb_cycle_detection.obj
 0001:00060400       sf_debug_cd_terminate      0000000180061400 f   sfc_debug:sfdb_cycle_detection.obj
 0001:00060640       md5_initialize_state       0000000180061640 f   sfc_debug:ckmd5.obj
 0001:000610b0       md5_update_state           00000001800620b0 f   sfc_debug:ckmd5.obj
 0001:000610d0       md5_get_hash               00000001800620d0 f   sfc_debug:ckmd5.obj
 0001:00061100       md5_get_hash_for_a_single_string 0000000180062100 f   sfc_debug:ckmd5.obj
 0001:00061164       mxGetPr                    0000000180062164 f   libmx:libmx.dll
 0001:0006116a       mxCreateDoubleScalar       000000018006216a f   libmx:libmx.dll
 0001:00061170       mxCreateDoubleMatrix_730   0000000180062170 f   libmx:libmx.dll
 0001:00061176       mxSetField_730             0000000180062176 f   libmx:libmx.dll
 0001:0006117c       mxCreateString             000000018006217c f   libmx:libmx.dll
 0001:00061182       mxCreateStructMatrix_730   0000000180062182 f   libmx:libmx.dll
 0001:00061188       mxDestroyArray             0000000180062188 f   libmx:libmx.dll
 0001:0006118e       mxDuplicateArray           000000018006218e f   libmx:libmx.dll
 0001:00061194       mxGetString_730            0000000180062194 f   libmx:libmx.dll
 0001:0006119a       mxIsChar                   000000018006219a f   libmx:libmx.dll
 0001:000611a0       mxGetClassID               00000001800621a0 f   libmx:libmx.dll
 0001:000611a6       mxIsNumeric                00000001800621a6 f   libmx:libmx.dll
 0001:000611ac       mxIsComplex                00000001800621ac f   libmx:libmx.dll
 0001:000611b2       mxGetN                     00000001800621b2 f   libmx:libmx.dll
 0001:000611b8       mxGetM                     00000001800621b8 f   libmx:libmx.dll
 0001:000611be       mxCalloc                   00000001800621be f   libmx:libmx.dll
 0001:000611c4       mxGetScalar                00000001800621c4 f   libmx:libmx.dll
 0001:000611ca       mxIsLogical                00000001800621ca f   libmx:libmx.dll
 0001:000611d0       mxCreateDoubleMatrix_700   00000001800621d0 f   libmx:libmx.dll
 0001:000611d6       mxFree                     00000001800621d6 f   libmx:libmx.dll
 0001:000611dc       mxArrayToString            00000001800621dc f   libmx:libmx.dll
 0001:000611e2       mxCreateCellMatrix_700     00000001800621e2 f   libmx:libmx.dll
 0001:000611e8       mxSetCell_700              00000001800621e8 f   libmx:libmx.dll
 0001:000611ee       mxGetCell_700              00000001800621ee f   libmx:libmx.dll
 0001:000611f4       mxGetClassName             00000001800621f4 f   libmx:libmx.dll
 0001:000611fa       mxSetField_700             00000001800621fa f   libmx:libmx.dll
 0001:00061200       mxAddField                 0000000180062200 f   libmx:libmx.dll
 0001:00061206       mxGetField_700             0000000180062206 f   libmx:libmx.dll
 0001:0006120c       mxGetNumberOfElements      000000018006220c f   libmx:libmx.dll
 0001:00061212       mxIsStruct                 0000000180062212 f   libmx:libmx.dll
 0001:00061218       mxIsA                      0000000180062218 f   libmx:libmx.dll
 0001:0006121e       mxIsClass                  000000018006221e f   libmx:libmx.dll
 0001:00061224       mxGetLogicals              0000000180062224 f   libmx:libmx.dll
 0001:0006122a       mxIsSparse                 000000018006222a f   libmx:libmx.dll
 0001:00061230       mxSetFieldByNumber_700     0000000180062230 f   libmx:libmx.dll
 0001:00061236       mxGetFieldByNumber_700     0000000180062236 f   libmx:libmx.dll
 0001:0006123c       mxGetFieldNameByNumber     000000018006223c f   libmx:libmx.dll
 0001:00061242       mxGetNumberOfFields        0000000180062242 f   libmx:libmx.dll
 0001:00061248       mxCreateStructMatrix_700   0000000180062248 f   libmx:libmx.dll
 0001:0006124e       mxGetFieldNumber           000000018006224e f   libmx:libmx.dll
 0001:00061254       mxIsNaN                    0000000180062254 f   libmx:libmx.dll
 0001:0006125a       mxIsEmpty                  000000018006225a f   libmx:libmx.dll
 0001:00061260       mxGetData                  0000000180062260 f   libmx:libmx.dll
 0001:00061266       mxGetImagData              0000000180062266 f   libmx:libmx.dll
 0001:0006126c       mxArrayClassIDName         000000018006226c f   libmx:libmx.dll
 0001:00061272       mxCreateNumericMatrix_700  0000000180062272 f   libmx:libmx.dll
 0001:00061278       mxCreateStructArray_700    0000000180062278 f   libmx:libmx.dll
 0001:0006127e       mxCalcSingleSubscript_700  000000018006227e f   libmx:libmx.dll
 0001:00061284       mxGetDimensions_700        0000000180062284 f   libmx:libmx.dll
 0001:0006128a       mxGetNumberOfDimensions_700 000000018006228a f   libmx:libmx.dll
 0001:00061290       mxCreateNumericArray_700   0000000180062290 f   libmx:libmx.dll
 0001:00061296       mxGetElementSize           0000000180062296 f   libmx:libmx.dll
 0001:0006129c       mxCreateStringFromNChars_700 000000018006229c f   libmx:libmx.dll
 0001:000612a2       mxGetString_700            00000001800622a2 f   libmx:libmx.dll
 0001:000612a8       mxIsLogicalScalarTrue      00000001800622a8 f   libmx:libmx.dll
 0001:000612ae       mxCreateLogicalScalar      00000001800622ae f   libmx:libmx.dll
 0001:000612b4       mexUnlock                  00000001800622b4 f   libmex:libmex.dll
 0001:000612ba       mexIsLocked                00000001800622ba f   libmex:libmex.dll
 0001:000612c0       mexWarnMsgTxt              00000001800622c0 f   libmex:libmex.dll
 0001:000612c6       mexCallMATLAB              00000001800622c6 f   libmex:libmex.dll
 0001:000612cc       mexErrMsgTxt               00000001800622cc f   libmex:libmex.dll
 0001:000612d2       mexMakeArrayPersistent     00000001800622d2 f   libmex:libmex.dll
 0001:000612d8       mexSetTrapFlag             00000001800622d8 f   libmex:libmex.dll
 0001:000612de       mexPutVariable             00000001800622de f   libmex:libmex.dll
 0001:000612e4       mexGetVariable             00000001800622e4 f   libmex:libmex.dll
 0001:000612ea       mexLock                    00000001800622ea f   libmex:libmex.dll
 0001:000612f0       mexMakeMemoryPersistent    00000001800622f0 f   libmex:libmex.dll
 0001:000612f6       mexFunctionName            00000001800622f6 f   libmex:libmex.dll
 0001:000612fc       ssRegisterDataTypeFxpFSlopeFixExpBias 00000001800622fc f   libfixedpoint:libfixedpoint.dll
 0001:00061302       utVSNprintf                0000000180062302 f   libut:libut.dll
 0001:00061308       utCPUtime                  0000000180062308 f   libut:libut.dll
 0001:0006130e       utFree                     000000018006230e f   libut:libut.dll
 0001:00061314       utMalloc                   0000000180062314 f   libut:libut.dll
 0001:0006131a       muDoubleScalarMax          000000018006231a f   libmwmathutil:libmwmathutil.dll
 0001:00061320       muDoubleScalarPower        0000000180062320 f   libmwmathutil:libmwmathutil.dll
 0001:00061326       muDoubleScalarRound        0000000180062326 f   libmwmathutil:libmwmathutil.dll
 0001:0006132c       muDoubleScalarIsNaN        000000018006232c f   libmwmathutil:libmwmathutil.dll
 0001:00061332       emlrtCheckBuiltInCtxR2011a 0000000180062332 f   libemlrt:libemlrt.dll
 0001:00061338       emlrtCheckVsBuiltInCtxR2011a 0000000180062338 f   libemlrt:libemlrt.dll
 0001:0006133e       emlrtCheckEnumR2009a       000000018006233e f   libemlrt:libemlrt.dll
 0001:00061344       emlrtCreateEnumR2010a      0000000180062344 f   libemlrt:libemlrt.dll
 0001:0006134a       emlrtGetEnumElementR2009a  000000018006234a f   libemlrt:libemlrt.dll
 0001:00061350       emlrtCreateReference       0000000180062350 f   libemlrt:libemlrt.dll
 0001:00061356       emlrtImportVsFiArrayR2009b 0000000180062356 f   libemlrt:libemlrt.dll
 0001:0006135c       emlrtNameCapturePostProcessR2012a 000000018006235c f   libemlrt:libemlrt.dll
 0001:00061362       emlrtExtractMessageId      0000000180062362 f   libemlrt:libemlrt.dll
 0001:00061368       emlrtTranslateMessageIDtoLCPstring 0000000180062368 f   libemlrt:libemlrt.dll
 0001:0006136e       emlrtForLoopVectorIsValidR2011b 000000018006236e f   libemlrt:libemlrt.dll
 0001:00061374       emlrtTranslateUTF16MessagetoLCPstring 0000000180062374 f   libemlrt:libemlrt.dll
 0001:0006137a       emlrtGetEnumUnderlyingArrayR2009a 000000018006237a f   libemlrt:libemlrt.dll
 0001:00061380       emlrtIsEnumR2009a          0000000180062380 f   libemlrt:libemlrt.dll
 0001:00061386       memset                     0000000180062386 f   MSVCRT:MSVCR100.dll
 0001:0006138c       malloc                     000000018006238c f   MSVCRT:MSVCR100.dll
 0001:00061394       __GSHandlerCheckCommon     0000000180062394 f   MSVCRT:gshandler.obj
 0001:000613f8       __GSHandlerCheck           00000001800623f8 f   MSVCRT:gshandler.obj
 0001:00061430       __security_check_cookie    0000000180062430 f   MSVCRT:amdsecgs.obj
 0001:00061450       free                       0000000180062450 f   MSVCRT:MSVCR100.dll
 0001:00061456       strlen                     0000000180062456 f   MSVCRT:MSVCR100.dll
 0001:0006145c       strcmp                     000000018006245c f   MSVCRT:MSVCR100.dll
 0001:00061462       sprintf                    0000000180062462 f   MSVCRT:MSVCR100.dll
 0001:00061468       strcat                     0000000180062468 f   MSVCRT:MSVCR100.dll
 0001:0006146e       memcpy                     000000018006246e f   MSVCRT:MSVCR100.dll
 0001:00061474       NtCurrentTeb               0000000180062474 f i MSVCRT:crtdll.obj
 0001:000614e0       _CRT_INIT                  00000001800624e0 f   MSVCRT:crtdll.obj
 0001:00061878       _DllMainCRTStartup         0000000180062878 f   MSVCRT:crtdll.obj
 0001:000618b6       strncpy                    00000001800628b6 f   MSVCRT:MSVCR100.dll
 0001:000618d0       _alloca_probe              00000001800628d0     MSVCRT:chkstk.obj
 0001:000618d0       __chkstk                   00000001800628d0 f   MSVCRT:chkstk.obj
 0001:0006191e       longjmp                    000000018006291e f   MSVCRT:MSVCR100.dll
 0001:00061924       strncmp                    0000000180062924 f   MSVCRT:MSVCR100.dll
 0001:0006192a       ceil                       000000018006292a f   MSVCRT:MSVCR100.dll
 0001:00061930       strrchr                    0000000180062930 f   MSVCRT:MSVCR100.dll
 0001:00061936       _setjmp                    0000000180062936 f   MSVCRT:MSVCR100.dll
 0001:0006193c       calloc                     000000018006293c f   MSVCRT:MSVCR100.dll
 0001:00061942       realloc                    0000000180062942 f   MSVCRT:MSVCR100.dll
 0001:00061948       ldexp                      0000000180062948 f   MSVCRT:MSVCR100.dll
 0001:00061950       __report_gsfailure         0000000180062950 f   MSVCRT:gs_report.obj
 0001:00061a9c       __clean_type_info_names    0000000180062a9c f   MSVCRT:tncleanup.obj
 0001:00061aa8       _onexit                    0000000180062aa8 f   MSVCRT:atonexit.obj
 0001:00061b58       atexit                     0000000180062b58 f   MSVCRT:atonexit.obj
 0001:00061b70       _RTC_Initialize            0000000180062b70 f   MSVCRT:_initsect_.obj
 0001:00061ba8       _RTC_Terminate             0000000180062ba8 f   MSVCRT:_initsect_.obj
 0001:00061be0       _malloc_crt                0000000180062be0 f   MSVCRT:MSVCR100.dll
 0001:00061bf0       _ValidateImageBase         0000000180062bf0 f   MSVCRT:pesect.obj
 0001:00061c20       _FindPESection             0000000180062c20 f   MSVCRT:pesect.obj
 0001:00061c70       _IsNonwritableInCurrentImage 0000000180062c70 f   MSVCRT:pesect.obj
 0001:00061cb2       _initterm                  0000000180062cb2 f   MSVCRT:MSVCR100.dll
 0001:00061cb8       _initterm_e                0000000180062cb8 f   MSVCRT:MSVCR100.dll
 0001:00061cbe       _encoded_null              0000000180062cbe f   MSVCRT:MSVCR100.dll
 0001:00061cc4       _amsg_exit                 0000000180062cc4 f   MSVCRT:MSVCR100.dll
 0001:00061cca       __C_specific_handler       0000000180062cca f   MSVCRT:MSVCR100.dll
 0001:00061cd0       __CppXcptFilter            0000000180062cd0 f   MSVCRT:MSVCR100.dll
 0001:00061cd8       DllMain                    0000000180062cd8 f   MSVCRT:dllmain.obj
 0001:00061cfc       __security_init_cookie     0000000180062cfc f   MSVCRT:gs_support.obj
 0001:00061db0       __crt_debugger_hook        0000000180062db0 f   MSVCRT:MSVCR100.dll
 0001:00061db6       __clean_type_info_names_internal 0000000180062db6 f   MSVCRT:MSVCR100.dll
 0001:00061dbc       _unlock                    0000000180062dbc f   MSVCRT:MSVCR100.dll
 0001:00061dc2       __dllonexit                0000000180062dc2 f   MSVCRT:MSVCR100.dll
 0001:00061dc8       _lock                      0000000180062dc8 f   MSVCRT:MSVCR100.dll
 0001:00061dce       EncodePointer              0000000180062dce f   kernel32:KERNEL32.dll
 0001:00061dd4       DecodePointer              0000000180062dd4 f   kernel32:KERNEL32.dll
 0001:00061dda       Sleep                      0000000180062dda f   kernel32:KERNEL32.dll
 0001:00061de0       TerminateProcess           0000000180062de0 f   kernel32:KERNEL32.dll
 0001:00061de6       GetCurrentProcess          0000000180062de6 f   kernel32:KERNEL32.dll
 0001:00061dec       UnhandledExceptionFilter   0000000180062dec f   kernel32:KERNEL32.dll
 0001:00061df2       SetUnhandledExceptionFilter 0000000180062df2 f   kernel32:KERNEL32.dll
 0001:00061df8       IsDebuggerPresent          0000000180062df8 f   kernel32:KERNEL32.dll
 0001:00061dfe       RtlVirtualUnwind           0000000180062dfe f   kernel32:KERNEL32.dll
 0001:00061e04       RtlLookupFunctionEntry     0000000180062e04 f   kernel32:KERNEL32.dll
 0001:00061e0a       RtlCaptureContext          0000000180062e0a f   kernel32:KERNEL32.dll
 0001:00061e10       DisableThreadLibraryCalls  0000000180062e10 f   kernel32:KERNEL32.dll
 0001:00061e16       QueryPerformanceCounter    0000000180062e16 f   kernel32:KERNEL32.dll
 0001:00061e1c       GetTickCount               0000000180062e1c f   kernel32:KERNEL32.dll
 0001:00061e22       GetCurrentThreadId         0000000180062e22 f   kernel32:KERNEL32.dll
 0001:00061e28       GetCurrentProcessId        0000000180062e28 f   kernel32:KERNEL32.dll
 0001:00061e2e       GetSystemTimeAsFileTime    0000000180062e2e f   kernel32:KERNEL32.dll
 0002:00000000       __imp_DisableThreadLibraryCalls 0000000180063000     kernel32:KERNEL32.dll
 0002:00000008       __imp_RtlCaptureContext    0000000180063008     kernel32:KERNEL32.dll
 0002:00000010       __imp_RtlLookupFunctionEntry 0000000180063010     kernel32:KERNEL32.dll
 0002:00000018       __imp_RtlVirtualUnwind     0000000180063018     kernel32:KERNEL32.dll
 0002:00000020       __imp_IsDebuggerPresent    0000000180063020     kernel32:KERNEL32.dll
 0002:00000028       __imp_SetUnhandledExceptionFilter 0000000180063028     kernel32:KERNEL32.dll
 0002:00000030       __imp_UnhandledExceptionFilter 0000000180063030     kernel32:KERNEL32.dll
 0002:00000038       __imp_GetCurrentProcess    0000000180063038     kernel32:KERNEL32.dll
 0002:00000040       __imp_TerminateProcess     0000000180063040     kernel32:KERNEL32.dll
 0002:00000048       __imp_Sleep                0000000180063048     kernel32:KERNEL32.dll
 0002:00000050       __imp_DecodePointer        0000000180063050     kernel32:KERNEL32.dll
 0002:00000058       __imp_EncodePointer        0000000180063058     kernel32:KERNEL32.dll
 0002:00000060       __imp_GetTickCount         0000000180063060     kernel32:KERNEL32.dll
 0002:00000068       __imp_GetCurrentThreadId   0000000180063068     kernel32:KERNEL32.dll
 0002:00000070       __imp_GetCurrentProcessId  0000000180063070     kernel32:KERNEL32.dll
 0002:00000078       __imp_GetSystemTimeAsFileTime 0000000180063078     kernel32:KERNEL32.dll
 0002:00000080       __imp_QueryPerformanceCounter 0000000180063080     kernel32:KERNEL32.dll
 0002:00000088       \177KERNEL32_NULL_THUNK_DATA 0000000180063088     kernel32:KERNEL32.dll
 0002:00000090       __imp_realloc              0000000180063090     MSVCRT:MSVCR100.dll
 0002:00000098       __imp__onexit              0000000180063098     MSVCRT:MSVCR100.dll
 0002:000000a0       __imp__lock                00000001800630a0     MSVCRT:MSVCR100.dll
 0002:000000a8       __imp___dllonexit          00000001800630a8     MSVCRT:MSVCR100.dll
 0002:000000b0       __imp__unlock              00000001800630b0     MSVCRT:MSVCR100.dll
 0002:000000b8       __imp___clean_type_info_names_internal 00000001800630b8     MSVCRT:MSVCR100.dll
 0002:000000c0       __imp___crt_debugger_hook  00000001800630c0     MSVCRT:MSVCR100.dll
 0002:000000c8       __imp___CppXcptFilter      00000001800630c8     MSVCRT:MSVCR100.dll
 0002:000000d0       __imp___C_specific_handler 00000001800630d0     MSVCRT:MSVCR100.dll
 0002:000000d8       __imp__amsg_exit           00000001800630d8     MSVCRT:MSVCR100.dll
 0002:000000e0       __imp__encoded_null        00000001800630e0     MSVCRT:MSVCR100.dll
 0002:000000e8       __imp__initterm_e          00000001800630e8     MSVCRT:MSVCR100.dll
 0002:000000f0       __imp__initterm            00000001800630f0     MSVCRT:MSVCR100.dll
 0002:000000f8       __imp__malloc_crt          00000001800630f8     MSVCRT:MSVCR100.dll
 0002:00000100       __imp_ldexp                0000000180063100     MSVCRT:MSVCR100.dll
 0002:00000108       __imp_memset               0000000180063108     MSVCRT:MSVCR100.dll
 0002:00000110       __imp_calloc               0000000180063110     MSVCRT:MSVCR100.dll
 0002:00000118       __imp__setjmp              0000000180063118     MSVCRT:MSVCR100.dll
 0002:00000120       __imp_strrchr              0000000180063120     MSVCRT:MSVCR100.dll
 0002:00000128       __imp_ceil                 0000000180063128     MSVCRT:MSVCR100.dll
 0002:00000130       __imp_strncmp              0000000180063130     MSVCRT:MSVCR100.dll
 0002:00000138       __imp_longjmp              0000000180063138     MSVCRT:MSVCR100.dll
 0002:00000140       __imp_strncpy              0000000180063140     MSVCRT:MSVCR100.dll
 0002:00000148       __imp_memcpy               0000000180063148     MSVCRT:MSVCR100.dll
[...]
 0001:000394e0       sf_numeric_value_to_double 000000018003a4e0 f   sfc_mex:sfc_mex.obj
 0001:00039530       ml_generic_out_of_bounds_check 000000018003a530 f   sfc_mex:sfc_mex.obj
 0001:00039700       ml_get_element_value_from_array 000000018003a700 f   sfc_mex:sfc_mex.obj
 0001:00039aa0       _ml_generic_castability_check 000000018003aaa0 f   sfc_mex:sfc_mex.obj
 0001:0003a800       ml_generic_castability_check 000000018003b800 f   sfc_mex:sfc_mex.obj
 0001:0003a8a0       ml_check_mx_array_for_single_castability 000000018003b8a0 f   sfc_mex:sfc_mex.obj
 0001:0003a940       ml_check_mx_array_for_logical_castability 000000018003b940 f   sfc_mex:sfc_mex.obj
 0001:0003a9e0       ml_check_mx_array_for_int8_castability 000000018003b9e0 f   sfc_mex:sfc_mex.obj
 0001:0003aa90       ml_check_mx_array_for_uint8_castability 000000018003ba90 f   sfc_mex:sfc_mex.obj
 0001:0003aaf0       ml_check_mx_array_for_int16_castability 000000018003baf0 f   sfc_mex:sfc_mex.obj
 0001:0003ab50       ml_check_mx_array_for_uint16_castability 000000018003bb50 f   sfc_mex:sfc_mex.obj
 0001:0003abb0       ml_check_mx_array_for_int32_castability 000000018003bbb0 f   sfc_mex:sfc_mex.obj
 0001:0003ac10       ml_check_mx_array_for_uint32_castability 000000018003bc10 f   sfc_mex:sfc_mex.obj
 0001:0003ac70       ml_check_mx_array_for_castability 000000018003bc70 f   sfc_mex:sfc_mex.obj
 0001:0003b5a0       set_data_value             000000018003c5a0 f   sfc_mex:sfc_mex.obj
 0001:0003b910       get_data_value             000000018003c910 f   sfc_mex:sfc_mex.obj
 0001:0003ba20       get_next_element_address   000000018003ca20 f   sfc_mex:sfc_mex.obj
 0001:0003baf0       sf_normalize_index         000000018003caf0 f   sfc_mex:sfc_mex.obj
 0001:0003be80       ml_array_index_bound_check 000000018003ce80 f   sfc_mex:sfc_mex.obj
 0001:0003c9a0       mx_value                   000000018003d9a0 f   sfc_mex:sfc_mex.obj
 0001:0003c9f0       sf_create_numeric_array    000000018003d9f0 f   sfc_mex:sfc_mex.obj
 0001:0003ca90       sf_mex_assign_to_mx_array  000000018003da90 f   sfc_mex:sfc_mex.obj
 0001:0003cde0       assign_from_mx_array       000000018003dde0 f   sfc_mex:sfc_mex.obj
 0001:0003d610       sf_mex_import_v            000000018003e610 f   sfc_mex:sfc_mex.obj
 0001:0003dd10       get_machine_and_chart_file_number 000000018003ed10 f   sfc_mex:sfc_sf.obj
 0001:0003de00       get_sfun_block_specialization 000000018003ee00 f   sfc_mex:sfc_sf.obj
 0001:0003deb0       call_sf_machine_global_method_dispatcher 000000018003eeb0 f   sfc_mex:sfc_sf.obj
 0001:0003e100       mdl_zeroCrossings_processing 000000018003f100 f   sfc_mex:sfc_sf.obj
 0001:0003e1d0       mdl_derivatives_processing 000000018003f1d0 f   sfc_mex:sfc_sf.obj
 0001:0003e490       mdl_outputs_continuous_legacy 000000018003f490 f   sfc_mex:sfc_sf.obj
 0001:0003e510       mdl_outputs_processing     000000018003f510 f   sfc_mex:sfc_sf.obj
 0001:0003e740       mdl_enable_processing      000000018003f740 f   sfc_mex:sfc_sf.obj
 0001:0003e810       mdl_disable_processing     000000018003f810 f   sfc_mex:sfc_sf.obj
 0001:0003f580       sf_call_output_fcn_enable_disable 0000000180040580 f   sfc_mex:sfc_sf.obj
 0001:0003f800       set_dwork_information_from_mx_array 0000000180040800 f   sfc_mex:sfc_sf.obj
 0001:000400c0       ptr2mxStruct               00000001800410c0 f   sfc_mex:sfc_sf.obj
 0001:000403d0       SNPRINTF_WRAPPER           00000001800413d0 f   sfc_debug:sfcdebug.obj
 0001:000403f0       sf_debug_chart_instance_initialized_quick 00000001800413f0 f   sfc_debug:sfcdebug.obj
 0001:00040400       sf_debug_chart_instance_initialized 0000000180041400 f   sfc_debug:sfcdebug.obj
 0001:000405a0       sfrtAddSize                00000001800415a0 f   sfc_debug:sfcdebug.obj
 0001:00040660       sfrtGenSizeString          0000000180041660 f   sfc_debug:sfcdebug.obj
 0001:00040d70       fill_single_message_info   0000000180041d70 f   sfc_debug:sfcdebug.obj
 0001:00040f30       sf_debug_sim_status_listener 0000000180041f30 f   sfc_debug:sfcdebug.obj
 0001:000414a0       sf_debug_form_mask_bits    00000001800424a0 f   sfc_debug:sfcdebug.obj
 0001:000414e0       sf_debug_form_sf_data_type_offsets 00000001800424e0 f   sfc_debug:sfcdebug.obj
 0001:000415a0       sf_debug_free_all          00000001800425a0 f   sfc_debug:sfcdebug.obj
 0001:00041750       sf_debug_append_debugger_context 0000000180042750 f   sfc_debug:sfcdebug.obj
 0001:00041a10       local_strdup               0000000180042a10 f   sfc_debug:sfcdebug.obj
 0001:000428f0       sf_debug_em_terminate      00000001800438f0 f   sfc_debug:sfcdebug.obj
 0001:00042930       sf_debug_push_eml_function 0000000180043930 f   sfc_debug:sfcdebug.obj
 0001:000429d0       sf_debug_pop_eml_function  00000001800439d0 f   sfc_debug:sfcdebug.obj
 0001:000436d0       sf_debug_get_machine_number_from_id_or_name 00000001800446d0 f   sfc_debug:sfcdebug.obj
 0001:00043820       sf_debug_get_chart_number_from_id 0000000180044820 f   sfc_debug:sfcdebug.obj
 0001:00044490       sf_debug_transfer_control_to_debugger_GUI 0000000180045490 f   sfc_debug:sfcdebug.obj
 0001:00045420       sf_debug_scripts_rehash    0000000180046420 f   sfc_debug:sfcdebug.obj
 0001:00045660       sf_debug_get_script_line_count 0000000180046660 f   sfc_debug:sfcdebug.obj
 0001:00045f90       cv_eml_state_cvId          0000000180046f90 f   sfc_debug:sfcdebug.obj
 0001:00046000       cv_eml_trans_cvId          0000000180047000 f   sfc_debug:sfcdebug.obj
 0001:000472c0       sf_debug_data_array_bounds_error 00000001800482c0 f   sfc_debug:sfcdebug.obj
 0001:000476f0       eml_debug_runtime_error_doclink 00000001800486f0 f   sfc_debug:sfcdebug.obj
 0001:00047870       sf_debug_runtime_error     0000000180048870 f   sfc_debug:sfcdebug.obj
 0001:000478e0       sf_debug_matlab_error      00000001800488e0 f   sfc_debug:sfcdebug.obj
 0001:00048210       sf_debug_data_value_error  0000000180049210 f   sfc_debug:sfcdebug.obj
 0001:00048b10       sf_debug_data_loss_error   0000000180049b10 f   sfc_debug:sfcdebug.obj
 0001:00049a30       call_cv_range_check        000000018004aa30 f   sfc_debug:sfcdebug.obj
 0001:0004a200       sf_debug_invoke_cycle_detection_code 000000018004b200 f   sfc_debug:sfcdebug.obj
 0001:0004b2e0       sf_reset_debug_info_struct 000000018004c2e0 f   sfc_debug:sfcdebug.obj
 0001:0004bbd0       cv_script_cvId             000000018004cbd0 f   sfc_debug:sfcdebug.obj
 0001:0004c920       sfc_api_chart_visible      000000018004d920 f   sfc_debug:sfc_api.obj
 0001:0004c9a0       sfc_api_active_instance    000000018004d9a0 f   sfc_debug:sfc_api.obj
 0001:0004ca20       sfc_api_machine_load       000000018004da20 f   sfc_debug:sfc_api.obj
 0001:0004caf0       sfc_api_debugger_alive     000000018004daf0 f   sfc_debug:sfc_api.obj
 0001:0004cb00       sfc_api_go                 000000018004db00 f   sfc_debug:sfc_api.obj
 0001:0004cb10       sfc_api_step_over          000000018004db10 f   sfc_debug:sfc_api.obj
 0001:0004cb20       sfc_api_step_out           000000018004db20 f   sfc_debug:sfc_api.obj
 0001:0004cb30       sfc_api_resume             000000018004db30 f   sfc_debug:sfc_api.obj
 0001:0004cb40       sfc_api_break              000000018004db40 f   sfc_debug:sfc_api.obj
 0001:0004cb50       sfc_api_stop_debugging     000000018004db50 f   sfc_debug:sfc_api.obj
 0001:0004cba0       sfc_api_is_cycle_detected  000000018004dba0 f   sfc_debug:sfc_api.obj
 0001:0004cbf0       sfc_api_is_array_bounds_detected 000000018004dbf0 f   sfc_debug:sfc_api.obj
 0001:0004cc40       sfc_api_set_disable_all_breakpoints 000000018004dc40 f   sfc_debug:sfc_api.obj
 0001:0004ccb0       sfc_api_disable_all_breakpoints_and_go 000000018004dcb0 f   sfc_debug:sfc_api.obj
 0001:0004ccc0       sfc_api_close              000000018004dcc0 f   sfc_debug:sfc_api.obj
 0001:0004ccd0       sfc_api_browse_data        000000018004dcd0 f   sfc_debug:sfc_api.obj
 0001:0004cd40       sfc_api_watch_data         000000018004dd40 f   sfc_debug:sfc_api.obj
 0001:0004cde0       sfc_api_extract_message_post_receive_info 000000018004dde0 f   sfc_debug:sfc_api.obj
 0001:0004ce00       sfc_api_assign_data        000000018004de00 f   sfc_debug:sfc_api.obj
 0001:0004cea0       sfc_api_whos               000000018004dea0 f   sfc_debug:sfc_api.obj
 0001:0004cf30       sfc_api_get_consistency_info 000000018004df30 f   sfc_debug:sfc_api.obj
 0001:0004cf40       sfc_api_browse_trace       000000018004df40 f   sfc_debug:sfc_api.obj
 0001:0004cf50       sfc_api_break_on_chart_entry 000000018004df50 f   sfc_debug:sfc_api.obj
 0001:0004cf70       sfc_api_break_on_event_broadcast 000000018004df70 f   sfc_debug:sfc_api.obj
 0001:0004cf90       sfc_api_break_on_state_entry 000000018004df90 f   sfc_debug:sfc_api.obj
 0001:0004cfb0       sfc_api_set_watch          000000018004dfb0 f   sfc_debug:sfc_api.obj
 0001:0004d050       sfc_api_set_breakpoints    000000018004e050 f   sfc_debug:sfc_api.obj
 0001:0004d0f0       sfc_api_set_eml_breakpoints 000000018004e0f0 f   sfc_debug:sfc_api.obj
 0001:0004d170       sfc_api_set_script_breakpoints 000000018004e170 f   sfc_debug:sfc_api.obj
 0001:0004d1c0       sfc_api_add_script_breakpoints 000000018004e1c0 f   sfc_debug:sfc_api.obj
 0001:0004d210       sfc_api_clear_script_breakpoints 000000018004e210 f   sfc_debug:sfc_api.obj
 0001:0004d260       sfc_api_query_script_breakpoints 000000018004e260 f   sfc_debug:sfc_api.obj
 0001:0004d2c0       sfc_api_get_script_id      000000018004e2c0 f   sfc_debug:sfc_api.obj
 0001:0004d380       sfc_api_get_active_states  000000018004e380 f   sfc_debug:sfc_api.obj
 0001:0004d400       sfc_api_break_between_times 000000018004e400 f   sfc_debug:sfc_api.obj
 0001:0004d460       sfc_api_get_instance_handle 000000018004e460 f   sfc_debug:sfc_api.obj
 0001:0004d510       sfc_api_set_animation      000000018004e510 f   sfc_debug:sfc_api.obj
 0001:0004d560       sfc_api_select_chart       000000018004e560 f   sfc_debug:sfc_api.obj
 0001:0004d5c0       sfc_api_select_charts      000000018004e5c0 f   sfc_debug:sfc_api.obj
 0001:0004d5f0       sfc_api_cycle_detection_check 000000018004e5f0 f   sfc_debug:sfc_api.obj
 0001:0004d640       sfc_api_data_range_check   000000018004e640 f   sfc_debug:sfc_api.obj
 0001:0004d690       sfc_api_transition_conflict_check 000000018004e690 f   sfc_debug:sfc_api.obj
 0001:0004d6e0       sfc_api_state_consistency_check 000000018004e6e0 f   sfc_debug:sfc_api.obj
 0001:0004d730       sfc_api_set_instance_cv_ids 000000018004e730 f   sfc_debug:sfc_api.obj
 0001:0004d840       sfc_api_set_script_cv_ids  000000018004e840 f   sfc_debug:sfc_api.obj
 0001:0004d8f0       sfc_api_get_current_machine_id 000000018004e8f0 f   sfc_debug:sfc_api.obj
 0001:0004d920       sfc_api_get_current_machine_number 000000018004e920 f   sfc_debug:sfc_api.obj
 0001:0004d950       sfc_api_get_current_chart_number 000000018004e950 f   sfc_debug:sfc_api.obj
 0001:0004d980       sfc_api_get_current_instance_number 000000018004e980 f   sfc_debug:sfc_api.obj
 0001:0004d9b0       sfc_api_get_current_instance_handle 000000018004e9b0 f   sfc_debug:sfc_api.obj
 0001:0004d9d0       sfc_api_get_current_is_minor_time_step 000000018004e9d0 f   sfc_debug:sfc_api.obj
 0001:0004da00       sfc_api_get_current_machine_name 000000018004ea00 f   sfc_debug:sfc_api.obj
 0001:0004da20       sfc_api_get_current_chart_id 000000018004ea20 f   sfc_debug:sfc_api.obj
 0001:0004da50       sfc_api_get_current_object_type 000000018004ea50 f   sfc_debug:sfc_api.obj
 0001:0004da80       sfc_api_get_current_event_type 000000018004ea80 f   sfc_debug:sfc_api.obj
 0001:0004dab0       sfc_api_get_current_object_id 000000018004eab0 f   sfc_debug:sfc_api.obj
 0001:0004dae0       sfc_get_current_active_event_type 000000018004eae0 f   sfc_debug:sfc_api.obj
 0001:0004db10       sfc_api_get_current_active_event_id 000000018004eb10 f   sfc_debug:sfc_api.obj
 0001:0004db40       sfc_api_get_current_simulation_time 000000018004eb40 f   sfc_debug:sfc_api.obj
 0001:0004db60       sfc_get_current_tag_type   000000018004eb60 f   sfc_debug:sfc_api.obj
 0001:0004db90       sfc_get_current_coverage_percentage 000000018004eb90 f   sfc_debug:sfc_api.obj
 0001:0004dbb0       sfc_get_current_statement_context 000000018004ebb0 f   sfc_debug:sfc_api.obj
 0001:0004dbd0       sfc_get_current_optional_integer 000000018004ebd0 f   sfc_debug:sfc_api.obj
 0001:0004dc00       sfc_get_current_statement_info 000000018004ec00 f   sfc_debug:sfc_api.obj
 0001:0004dca0       sfc_api_get                000000018004eca0 f   sfc_debug:sfc_api.obj
 0001:0004de00       sf_debug_sm_is_using_unified_editors 000000018004ee00 f   sfc_debug:sfdb_animation.obj
 0001:0004dea0       sf_debug_sm_is_chart_visible_in_unified_editors 000000018004eea0 f   sfc_debug:sfdb_animation.obj
 0001:0004df60       sf_debug_sm_check_if_chart_is_visible 000000018004ef60 f   sfc_debug:sfdb_animation.obj
 0001:0004ea60       sf_debug_sm_fill_state_activity_data 000000018004fa60 f   sfc_debug:sfdb_animation.obj
 0001:00051290       void_ptr_stack_vector_free_total 0000000180052290 f   sfc_debug:sfdb_data_browse.obj
 0001:00051320       sf_debug_st_terminate_machine 0000000180052320 f   sfc_debug:sfdb_data_browse.obj
 0001:00051360       sf_debug_st_terminate_instance 0000000180052360 f   sfc_debug:sfdb_data_browse.obj
 0001:00051710       push_on_to_void_ptr_stack  0000000180052710 f   sfc_debug:sfdb_data_browse.obj
 0001:000518a0       pop_from_void_ptr_stack    00000001800528a0 f   sfc_debug:sfdb_data_browse.obj
 0001:000519d0       sf_debug_st_get_data_value 00000001800529d0 f   sfc_debug:sfdb_data_browse.obj
 0001:00051f60       mx_value                   0000000180052f60 f   sfc_debug:sfdb_data_browse.obj
 0001:00051fa0       sf_debug_st_fill_data_struct 0000000180052fa0 f   sfc_debug:sfdb_data_browse.obj
 0001:000522e0       data_type_format_strings   00000001800532e0 f   sfc_debug:sfdb_data_browse.obj
 0001:00052390       sf_debug_st_fill_data      0000000180053390 f   sfc_debug:sfdb_data_browse.obj
 0001:000530e0       sf_debug_hm_get_simulink_handle 00000001800540e0 f   sfc_debug:sfdb_handle_management.obj
 0001:00053c30       sf_debug_hm_initialize_globals 0000000180054c30 f   sfc_debug:sfdb_handle_management.obj
 0001:00053d30       sf_debug_hm_get_machine_debug_flag 0000000180054d30 f   sfc_debug:sfdb_handle_management.obj
 0001:00053ea0       sf_debug_hm_get_machine_id 0000000180054ea0 f   sfc_debug:sfdb_handle_management.obj
 0001:00053fc0       sf_debug_hm_get_chart_id   0000000180054fc0 f   sfc_debug:sfdb_handle_management.obj
 0001:00054160       sf_debug_hm_register_executing_SFunction 0000000180055160 f   sfc_debug:sfdb_handle_management.obj
 0001:00054300       sf_debug_hm_get_chart_active_instance 0000000180055300 f   sfc_debug:sfdb_handle_management.obj
 0001:00054470       sf_debug_hm_get_chart_visibility 0000000180055470 f   sfc_debug:sfdb_handle_management.obj
 0001:000545c0       sf_debug_hm_form_object_boolean_properties 00000001800555c0 f   sfc_debug:sfdb_handle_management.obj
 0001:00054890       sf_debug_hm_form_object_properties 0000000180055890 f   sfc_debug:sfdb_handle_management.obj
 0001:00054ad0       sf_debug_hm_terminate_charts 0000000180055ad0 f   sfc_debug:sfdb_handle_management.obj
 0001:00055240       sf_debug_hm_terminate_machines 0000000180056240 f   sfc_debug:sfdb_handle_management.obj
 0001:00056e90       sf_debug_ss_copy_dimension 0000000180057e90 f   sfc_debug:sfdb_symbol_scope.obj
 0001:00056f50       sf_debug_ss_get_number_elements 0000000180057f50 f   sfc_debug:sfdb_symbol_scope.obj
 0001:00056f70       sf_debug_ss_fill_data_struct 0000000180057f70 f   sfc_debug:sfdb_symbol_scope.obj
 0001:000572c0       sf_debug_ss_reset_data_info 00000001800582c0 f   sfc_debug:sfdb_symbol_scope.obj
 0001:00057320       sf_debug_fill_data_info_by_symbol_scope_entry 0000000180058320 f   sfc_debug:sfdb_symbol_scope.obj
 0001:000573e0       sf_debug_fill_data_info_by_data_vector 00000001800583e0 f   sfc_debug:sfdb_symbol_scope.obj
 0001:00057630       sf_debug_ss_get_data_info  0000000180058630 f   sfc_debug:sfdb_symbol_scope.obj
 0001:00057920       sf_debug_select_mex_function 0000000180058920 f   sfc_debug:sfdb_symbol_scope.obj
 0001:00057950       sf_debug_is_dyn_matrix_initialized 0000000180058950 f   sfc_debug:sfdb_symbol_scope.obj
 0001:00057970       sf_debug_ss_set_data_value_try 0000000180058970 f   sfc_debug:sfdb_symbol_scope.obj
 0001:00057b40       sf_debug_ss_get_data_value 0000000180058b40 f   sfc_debug:sfdb_symbol_scope.obj
 0001:00058090       sf_debug_ss_data_bytes_string 0000000180059090 f   sfc_debug:sfdb_symbol_scope.obj
 0001:00058140       sf_debug_ss_data_class_string 0000000180059140 f   sfc_debug:sfdb_symbol_scope.obj
 0001:000584d0       sf_debug_ss_data_size_string 00000001800594d0 f   sfc_debug:sfdb_symbol_scope.obj
 0001:000585b0       sf_debug_ss_data_create_data_info_struct 00000001800595b0 f   sfc_debug:sfdb_symbol_scope.obj
 0001:00058880       sf_debug_ss_data_create_name_value_pair 0000000180059880 f   sfc_debug:sfdb_symbol_scope.obj
 0001:00058920       sf_debug_ss_data_get_whos_info 0000000180059920 f   sfc_debug:sfdb_symbol_scope.obj
 0001:00058930       same_named_data_in_data_array 0000000180059930 f   sfc_debug:sfdb_symbol_scope.obj
 0001:0005a1a0       sf_debug_cc_terminate_chart 000000018005b1a0 f   sfc_debug:sfdb_coverage.obj
 0001:0005a540       sf_debug_cc_terminate_instance 000000018005b540 f   sfc_debug:sfdb_coverage.obj
 0001:0005b130       sf_debug_cc_mark_object_if_needed 000000018005c130 f   sfc_debug:sfdb_coverage.obj
 0001:0005ba30       sf_debug_bm_initialize_eml 000000018005ca30 f   sfc_debug:sfdb_breakpoints.obj
 0001:0005cba0       sf_debug_bm_map_debug_tag_to_breakpoint_tag 000000018005dba0 f   sfc_debug:sfdb_breakpoints.obj
 0001:0005cc80       sf_debug_bm_is_a_eml_breakpoint_impl 000000018005dc80 f   sfc_debug:sfdb_breakpoints.obj
 0001:0005e700       sf_debug_sc_push_on_error_stack 000000018005f700 f   sfc_debug:sfdb_state_consistency.obj
 0001:0005e830       sf_debug_sc_reset_error_stack 000000018005f830 f   sfc_debug:sfdb_state_consistency.obj
 0001:0005e9c0       sf_debug_sc_is_state_inconsistent 000000018005f9c0 f   sfc_debug:sfdb_state_consistency.obj
 0001:0005ecc0       sf_debug_sc_fill_consistency_info 000000018005fcc0 f   sfc_debug:sfdb_state_consistency.obj
 0001:0005f2a0       void_assertion_fcn         00000001800602a0 f   sfc_debug:sfdb_call_stack.obj
 0001:0005f820       sf_debug_tm_fill_local_trace 0000000180060820 f   sfc_debug:sfdb_call_stack.obj
 0001:0005fdf0       sf_debug_cd_terminate_instance 0000000180060df0 f   sfc_debug:sfdb_cycle_detection.obj
 0001:0005fe50       sf_debug_cd_free_checksum_stack 0000000180060e50 f   sfc_debug:sfdb_cycle_detection.obj
 0001:0005fea0       sf_debug_cd_reset_pack_strings 0000000180060ea0 f   sfc_debug:sfdb_cycle_detection.obj
 0001:00060560       md5file_clear              0000000180061560 f   sfc_debug:ckmd5.obj
 0001:00060590       Encode                     0000000180061590 f   sfc_debug:ckmd5.obj
 0001:000605e0       Decode                     00000001800615e0 f   sfc_debug:ckmd5.obj
 0001:00060680       MD5Transform               0000000180061680 f   sfc_debug:ckmd5.obj
 0001:00060ed0       md5file_addn               0000000180061ed0 f   sfc_debug:ckmd5.obj
 0001:00060fa0       md5file_hash               0000000180061fa0 f   sfc_debug:ckmd5.obj
 0001:00061480       pre_c_init                 0000000180062480 f   MSVCRT:crtdll.obj
 0001:0006173c       __DllMainCRTStartup        000000018006273c f   MSVCRT:crtdll.obj
 0001:00061e40       __DllMainCRTStartup$filt$0 0000000180062e40 f   MSVCRT:crtdll.obj
 0001:00061e70       __DllMainCRTStartup$fin$1  0000000180062e70 f   MSVCRT:crtdll.obj
 0001:00061e8a       _onexit$fin$0              0000000180062e8a f   MSVCRT:atonexit.obj
 0001:00061eb0       _IsNonwritableInCurrentImage$filt$0 0000000180062eb0 f   MSVCRT:pesect.obj
